⚠ [995/1002] Replayed LeanFlagAlgebras.Core.Examples.FullSevenConverged.TetrahedronOrder7FiveRootBits
warning: LeanFlagAlgebras/Core/Examples/FullSevenConverged/TetrahedronOrder7FiveRootBits.lean:71:53: This simp argument is unused:
  Bool.and_assoc

Hint: Omit it from the simp argument list.
  simp [Nat.testBit_mod_two_pow, s5Gather_testBit,̵ ̵B̵o̵o̵l̵.̵a̵n̵d̵_̵a̵s̵s̵o̵c̵]

Note: This linter can be disabled with `set_option linter.unusedSimpArgs false`
⚠ [1334/1413] Replayed LeanFlagAlgebras.Core.Compute.Relabel6
warning: LeanFlagAlgebras/Core/Compute/Relabel6.lean:243:8: unused variable `q`

Note: This linter can be disabled with `set_option linter.unusedVariables false`
warning: LeanFlagAlgebras/Core/Compute/Relabel6.lean:281:23: try 'simp' instead of 'simpa'

Note: This linter can be disabled with `set_option linter.unnecessarySimpa false`
warning: LeanFlagAlgebras/Core/Compute/Relabel6.lean:283:23: try 'simp' instead of 'simpa'

Note: This linter can be disabled with `set_option linter.unnecessarySimpa false`
✔ [1335/1413] Built LeanFlagAlgebras.Core.Examples.FullSevenConverged.TetrahedronOrder7FiveRootColumn (11s)
⚠ [1336/1413] Built LeanFlagAlgebras.Core.Examples.FullSevenConverged.TetrahedronOrder7FiveRootPullback (12s)
warning: LeanFlagAlgebras/Core/Examples/FullSevenConverged/TetrahedronOrder7FiveRootPullback.lean:123:10: This simp argument is unused:
  s5Encode

Hint: Omit it from the simp argument list.
  simp [̵s̵5̵E̵n̵c̵o̵d̵e̵,̵ ̵s̵5̵R̵o̵o̵t̵M̵a̵s̵k̵6̵,̵[̲s̲5̲R̲o̲o̲t̲M̲a̲s̲k̲6̲,̲ s5LinkMask6, s5Gather_testBit, Nat.testBit_lor, Nat.testBit_shiftLeft, hk,
  ̲  ̲ ̲ ̲ ̲ ̲hs, hn, hsrc.2]

Note: This linter can be disabled with `set_option linter.unusedSimpArgs false`
warning: LeanFlagAlgebras/Core/Examples/FullSevenConverged/TetrahedronOrder7FiveRootPullback.lean:124:6: This simp argument is unused:
  Nat.testBit_lor

Hint: Omit it from the simp argument list.
  simp [s5Encode, s5RootMask6, s5LinkMask6, s5Gather_testBit, N̵a̵t̵.̵t̵e̵s̵t̵B̵i̵t̵_̵l̵o̵r̵,̵ ̵Nat.testBit_shiftLeft, hk, hs, hn,
  ̲  ̲ ̲ ̲ ̲ ̲hsrc.2]

Note: This linter can be disabled with `set_option linter.unusedSimpArgs false`
warning: LeanFlagAlgebras/Core/Examples/FullSevenConverged/TetrahedronOrder7FiveRootPullback.lean:128:10: This simp argument is unused:
  s5Encode

Hint: Omit it from the simp argument list.
  simp [̵s̵5̵E̵n̵c̵o̵d̵e̵,̵ ̵s̵5̵R̵o̵o̵t̵M̵a̵s̵k̵6̵,̵[̲s̲5̲R̲o̲o̲t̲M̲a̲s̲k̲6̲,̲ s5LinkMask6, s5Gather_testBit, Nat.testBit_lor, Nat.testBit_shiftLeft, hk,
  ̲  ̲ ̲ ̲ ̲ ̲hs, hn, hsub, hsrc.2]

Note: This linter can be disabled with `set_option linter.unusedSimpArgs false`
warning: LeanFlagAlgebras/Core/Examples/FullSevenConverged/TetrahedronOrder7FiveRootPullback.lean:129:6: This simp argument is unused:
  Nat.testBit_lor

Hint: Omit it from the simp argument list.
  simp [s5Encode, s5RootMask6, s5LinkMask6, s5Gather_testBit, N̵a̵t̵.̵t̵e̵s̵t̵B̵i̵t̵_̵l̵o̵r̵,̵ ̵Nat.testBit_shiftLeft, hk, hs, hn,
  ̲  ̲ ̲ ̲ ̲ ̲hsub, hsrc.2]

Note: This linter can be disabled with `set_option linter.unusedSimpArgs false`
✔ [1337/1413] Built LeanFlagAlgebras.Core.Examples.FullSevenConverged.TetrahedronOrder7FiveRootOrderedColumn (8.2s)
✔ [1338/1413] Built LeanFlagAlgebras.Core.Examples.FullSevenConverged.TetrahedronOrder7FiveRootFlags (517s)
✔ [1339/1413] Built LeanFlagAlgebras.Core.Examples.FullSevenConverged.TetrahedronOrder7Extension (517s)
✔ [1340/1413] Built LeanFlagAlgebras.Core.Examples.FullSevenConverged.TetrahedronOrder7FiveRootSOS (11s)
✔ [1341/1413] Built LeanFlagAlgebras.Core.Examples.FullSevenConverged.TetrahedronOrder7Blocks (93s)
✔ [1342/1413] Built LeanFlagAlgebras.Core.Examples.FullSevenConverged.TetrahedronOrder7FiveRootTableFacts (164s)
✔ [1343/1413] Built LeanFlagAlgebras.Core.Examples.FullSevenConverged.TetrahedronOrder7FiveRootGramSem (31s)
✔ [1344/1413] Built LeanFlagAlgebras.Core.Examples.FullSevenConverged.TetrahedronOrder7FiveRootSamples (31s)
✔ [1345/1413] Built LeanFlagAlgebras.Core.Examples.FullSevenConverged.TetrahedronOrder7FiveRootColumnSum (128s)
✔ [1346/1413] Built LeanFlagAlgebras.Core.Examples.FullSevenConverged.TetrahedronOrder7FiveRootOrderedSem (128s)
✔ [1347/1413] Built LeanFlagAlgebras.Core.Examples.FullSevenConverged.TetrahedronOrder7FiveRootSem (8.8s)
✔ [1348/1413] Built LeanFlagAlgebras.Core.Examples.FullSevenConverged.TetrahedronOrder7Column (683s)
✔ [1349/1413] Built LeanFlagAlgebras.Core.Examples.FullSevenConverged.TetrahedronOrder7Check (18s)
✔ [1350/1413] Built LeanFlagAlgebras.Core.Examples.FullSevenConverged.TetrahedronOrder7Split (18s)
✔ [1351/1413] Built LeanFlagAlgebras.Core.Examples.FullSevenConverged.TetrahedronOrder7Sweep7_42 (3119s)
✔ [1352/1413] Built LeanFlagAlgebras.Core.Examples.FullSevenConverged.TetrahedronOrder7Sweep7_44 (3192s)
✔ [1353/1413] Built LeanFlagAlgebras.Core.Examples.FullSevenConverged.TetrahedronOrder7Sweep7_45 (3192s)
✔ [1354/1413] Built LeanFlagAlgebras.Core.Examples.FullSevenConverged.TetrahedronOrder7Sweep7_46 (3192s)
✔ [1355/1413] Built LeanFlagAlgebras.Core.Examples.FullSevenConverged.TetrahedronOrder7Sweep7_47 (3192s)
✔ [1356/1413] Built LeanFlagAlgebras.Core.Examples.FullSevenConverged.TetrahedronOrder7Sweep7_48 (3192s)
✔ [1357/1413] Built LeanFlagAlgebras.Core.Examples.FullSevenConverged.TetrahedronOrder7Sweep7_43 (3192s)
✔ [1358/1413] Built LeanFlagAlgebras.Core.Examples.FullSevenConverged.TetrahedronOrder7Sweep7_41 (3227s)
✔ [1359/1413] Built LeanFlagAlgebras.Core.Examples.FullSevenConverged.TetrahedronOrder7Sweep7_40 (3201s)
✔ [1360/1413] Built LeanFlagAlgebras.Core.Examples.FullSevenConverged.TetrahedronOrder7Sweep7_36 (3164s)
✔ [1361/1413] Built LeanFlagAlgebras.Core.Examples.FullSevenConverged.TetrahedronOrder7Sweep7_35 (3164s)
✔ [1362/1413] Built LeanFlagAlgebras.Core.Examples.FullSevenConverged.TetrahedronOrder7Sweep7_34 (3174s)
✔ [1363/1413] Built LeanFlagAlgebras.Core.Examples.FullSevenConverged.TetrahedronOrder7Sweep7_33 (3223s)
✔ [1364/1413] Built LeanFlagAlgebras.Core.Examples.FullSevenConverged.TetrahedronOrder7Sweep7_37 (3441s)
✔ [1365/1413] Built LeanFlagAlgebras.Core.Examples.FullSevenConverged.TetrahedronOrder7Sweep7_39 (3441s)
✔ [1366/1413] Built LeanFlagAlgebras.Core.Examples.FullSevenConverged.TetrahedronOrder7Sweep7_38 (3441s)
✔ [1367/1413] Built LeanFlagAlgebras.Core.Examples.FullSevenConverged.TetrahedronOrder7Sweep7_32 (3221s)
✔ [1368/1413] Built LeanFlagAlgebras.Core.Examples.FullSevenConverged.TetrahedronOrder7Sweep7_31 (3230s)
✔ [1369/1413] Built LeanFlagAlgebras.Core.Examples.FullSevenConverged.TetrahedronOrder7Sweep7_30 (3333s)
✔ [1370/1413] Built LeanFlagAlgebras.Core.Examples.FullSevenConverged.TetrahedronOrder7Sweep7_29 (3373s)
✔ [1371/1413] Built LeanFlagAlgebras.Core.Examples.FullSevenConverged.TetrahedronOrder7Sweep7_28 (3462s)
✔ [1372/1413] Built LeanFlagAlgebras.Core.Examples.FullSevenConverged.TetrahedronOrder7Sweep7_27 (3443s)
✔ [1373/1413] Built LeanFlagAlgebras.Core.Examples.FullSevenConverged.TetrahedronOrder7Sweep7_26 (3443s)
✔ [1374/1413] Built LeanFlagAlgebras.Core.Examples.FullSevenConverged.TetrahedronOrder7Sweep7_25 (3490s)
✔ [1375/1413] Built LeanFlagAlgebras.Core.Examples.FullSevenConverged.TetrahedronOrder7Sweep7_24 (3527s)
✔ [1376/1413] Built LeanFlagAlgebras.Core.Examples.FullSevenConverged.TetrahedronOrder7Sweep7_21 (3411s)
✔ [1377/1413] Built LeanFlagAlgebras.Core.Examples.FullSevenConverged.TetrahedronOrder7Sweep7_23 (3710s)
✔ [1378/1413] Built LeanFlagAlgebras.Core.Examples.FullSevenConverged.TetrahedronOrder7Sweep7_22 (3667s)
✔ [1379/1413] Built LeanFlagAlgebras.Core.Examples.FullSevenConverged.TetrahedronOrder7Sweep7_20 (3454s)
✔ [1380/1413] Built LeanFlagAlgebras.Core.Examples.FullSevenConverged.TetrahedronOrder7Sweep7_17 (3465s)
✔ [1381/1413] Built LeanFlagAlgebras.Core.Examples.FullSevenConverged.TetrahedronOrder7Sweep7_18 (3526s)
✔ [1382/1413] Built LeanFlagAlgebras.Core.Examples.FullSevenConverged.TetrahedronOrder7Sweep7_19 (3624s)
✔ [1383/1413] Built LeanFlagAlgebras.Core.Examples.FullSevenConverged.TetrahedronOrder7Sweep7_15 (3444s)
✔ [1384/1413] Built LeanFlagAlgebras.Core.Examples.FullSevenConverged.TetrahedronOrder7Sweep7_16 (3612s)
✔ [1385/1413] Built LeanFlagAlgebras.Core.Examples.FullSevenConverged.TetrahedronOrder7Sweep7_14 (3641s)
✔ [1386/1413] Built LeanFlagAlgebras.Core.Examples.FullSevenConverged.TetrahedronOrder7Sweep7_13 (3785s)
✔ [1387/1413] Built LeanFlagAlgebras.Core.Examples.FullSevenConverged.TetrahedronOrder7Sweep7_11 (3603s)
✔ [1388/1413] Built LeanFlagAlgebras.Core.Examples.FullSevenConverged.TetrahedronOrder7Sweep7_12 (3900s)
✔ [1389/1413] Built LeanFlagAlgebras.Core.Examples.FullSevenConverged.TetrahedronOrder7Sweep7_10 (3838s)
✔ [1390/1413] Built LeanFlagAlgebras.Core.Examples.FullSevenConverged.TetrahedronOrder7Sweep7_09 (3870s)
✔ [1391/1413] Built LeanFlagAlgebras.Core.Examples.FullSevenConverged.TetrahedronOrder7Sweep7_08 (3933s)
✔ [1392/1413] Built LeanFlagAlgebras.Core.Examples.FullSevenConverged.TetrahedronOrder7Sweep7_07 (3987s)
✔ [1393/1413] Built LeanFlagAlgebras.Core.Examples.FullSevenConverged.TetrahedronOrder7Edges (14s)
✔ [1394/1413] Built LeanFlagAlgebras.Core.Examples.FullSevenConverged.TetrahedronOrder7Deck (10s)
✔ [1395/1413] Built LeanFlagAlgebras.Core.Examples.FullSevenConverged.TetrahedronOrder7Realize (9.1s)
✔ [1396/1413] Built LeanFlagAlgebras.Core.Examples.FullSevenConverged.TetrahedronOrder7Induced (11s)
✔ [1397/1413] Built LeanFlagAlgebras.Core.Examples.FullSevenConverged.TetrahedronOrder7Sweep7_06 (3777s)
✔ [1398/1413] Built LeanFlagAlgebras.Core.Examples.FullSevenConverged.TetrahedronOrder7Chain (9.5s)
✔ [1399/1413] Built LeanFlagAlgebras.Core.Examples.FullSevenConverged.TetrahedronOrder7ClassIdx (24s)
✔ [1400/1413] Built LeanFlagAlgebras.Core.Examples.FullSevenConverged.TetrahedronOrder7Fiber (9.4s)
✔ [1401/1413] Built LeanFlagAlgebras.Core.Examples.FullSevenConverged.TetrahedronOrder7ClassNum (9.2s)
✔ [1402/1413] Built LeanFlagAlgebras.Core.Examples.FullSevenConverged.TetrahedronOrder7Sweep7_05 (4028s)
✔ [1403/1413] Built LeanFlagAlgebras.Core.Examples.FullSevenConverged.TetrahedronOrder7Sweep7_03 (4019s)
✔ [1404/1413] Built LeanFlagAlgebras.Core.Examples.FullSevenConverged.TetrahedronOrder7Sweep7_04 (4488s)
✔ [1405/1413] Built LeanFlagAlgebras.Core.Examples.FullSevenConverged.TetrahedronOrder7Sweep7_02 (4337s)
✔ [1406/1413] Built LeanFlagAlgebras.Core.Examples.FullSevenConverged.TetrahedronOrder7Sweep7_01 (4281s)
✔ [1407/1413] Built LeanFlagAlgebras.Core.Examples.FullSevenConverged.TetrahedronOrder7Sweep7_00 (5257s)
✔ [1408/1413] Built LeanFlagAlgebras.Core.Examples.FullSevenConverged.TetrahedronOrder7Verified (48s)
✔ [1409/1413] Built LeanFlagAlgebras.Core.Examples.FullSevenConverged.TetrahedronOrder7Bound (16s)
✔ [1410/1413] Built LeanFlagAlgebras.Core.Examples.FullSevenConverged.TetrahedronOrder7Covered (16s)
✔ [1411/1413] Built LeanFlagAlgebras.Core.Examples.FullSevenConverged.TetrahedronOrder7Slack (7.1s)
✔ [1412/1413] Built LeanFlagAlgebras.Core.Examples.FullSevenConverged.TetrahedronOrder7Reduce (7.5s)
✔ [1413/1413] Built LeanFlagAlgebras.Core.Examples.FullSevenConverged.TetrahedronOrder7FiveRootExpand (7.2s)
Build completed successfully (1413 jobs).
