⚠ [1215/1243] Replayed LeanFlagAlgebras.Core.Limit.Profile
warning: LeanFlagAlgebras/Core/Limit/Profile.lean:58:0: automatically included section variable(s) unused in theorem `FlagAlgebras.Core.limitLin_basis`:
  [Fintype T]
consider restructuring your `variable` declarations so that the variables are not in scope or explicitly omit them:
  omit [Fintype T] in theorem ...

Note: This linter can be disabled with `set_option linter.unusedSectionVars false`
warning: LeanFlagAlgebras/Core/Limit/Profile.lean:63:0: automatically included section variable(s) unused in theorem `FlagAlgebras.Core.limitLin_apply`:
  [Fintype T]
consider restructuring your `variable` declarations so that the variables are not in scope or explicitly omit them:
  omit [Fintype T] in theorem ...

Note: This linter can be disabled with `set_option linter.unusedSectionVars false`
⚠ [2599/2625] Replayed LeanFlagAlgebras.Core.Limit.Sampling
warning: LeanFlagAlgebras/Core/Limit/Sampling.lean:176:0: automatically included section variable(s) unused in theorem `FlagAlgebras.Core.le_hostSize`:
  [𝕋.IsType σ]
consider restructuring your `variable` declarations so that the variables are not in scope or explicitly omit them:
  omit [𝕋.IsType σ] in theorem ...

Note: This linter can be disabled with `set_option linter.unusedSectionVars false`
⚠ [2641/2752] Replayed LeanFlagAlgebras.Core.Ensemble.DensitySpace
warning: LeanFlagAlgebras/Core/Ensemble/DensitySpace.lean:40:0: automatically included section variable(s) unused in theorem `FlagAlgebras.Core.flagDensitySpace_isCompact`:
  [Fintype T]
consider restructuring your `variable` declarations so that the variables are not in scope or explicitly omit them:
  omit [Fintype T] in theorem ...

Note: This linter can be disabled with `set_option linter.unusedSectionVars false`
warning: LeanFlagAlgebras/Core/Ensemble/DensitySpace.lean:50:0: automatically included section variable(s) unused in theorem `FlagAlgebras.Core.FlagDensitySpace.mem_Icc`:
  [Fintype T]
consider restructuring your `variable` declarations so that the variables are not in scope or explicitly omit them:
  omit [Fintype T] in theorem ...

Note: This linter can be disabled with `set_option linter.unusedSectionVars false`
warning: LeanFlagAlgebras/Core/Ensemble/DensitySpace.lean:69:0: automatically included section variable(s) unused in theorem `FlagAlgebras.Core.FlagDensitySpace.continuous_eval`:
  [Fintype T]
consider restructuring your `variable` declarations so that the variables are not in scope or explicitly omit them:
  omit [Fintype T] in theorem ...

Note: This linter can be disabled with `set_option linter.unusedSectionVars false`
warning: LeanFlagAlgebras/Core/Ensemble/DensitySpace.lean:74:0: automatically included section variable(s) unused in theorem `FlagAlgebras.Core.FlagDensitySpace.measurable_eval`:
  [Fintype T]
consider restructuring your `variable` declarations so that the variables are not in scope or explicitly omit them:
  omit [Fintype T] in theorem ...

Note: This linter can be disabled with `set_option linter.unusedSectionVars false`
warning: LeanFlagAlgebras/Core/Ensemble/DensitySpace.lean:79:0: automatically included section variable(s) unused in theorem `FlagAlgebras.Core.FlagDensitySpace.tendsto_iff`:
  [Fintype T]
consider restructuring your `variable` declarations so that the variables are not in scope or explicitly omit them:
  omit [Fintype T] in theorem ...

Note: This linter can be disabled with `set_option linter.unusedSectionVars false`
warning: LeanFlagAlgebras/Core/Ensemble/DensitySpace.lean:133:6: unused variable `φ₁`

Note: This linter can be disabled with `set_option linter.unusedVariables false`
warning: LeanFlagAlgebras/Core/Ensemble/DensitySpace.lean:133:9: unused variable `φ₂`

Note: This linter can be disabled with `set_option linter.unusedVariables false`
warning: LeanFlagAlgebras/Core/Ensemble/DensitySpace.lean:167:0: automatically included section variable(s) unused in theorem `FlagAlgebras.Core.isClosed_chainClosed`:
  [𝕋.IsType σ]
consider restructuring your `variable` declarations so that the variables are not in scope or explicitly omit them:
  omit [𝕋.IsType σ] in theorem ...

Note: This linter can be disabled with `set_option linter.unusedSectionVars false`
warning: LeanFlagAlgebras/Core/Ensemble/DensitySpace.lean:185:0: automatically included section variable(s) unused in theorem `FlagAlgebras.Core.isClosed_mulClosed`:
  [𝕋.IsType σ]
consider restructuring your `variable` declarations so that the variables are not in scope or explicitly omit them:
  omit [𝕋.IsType σ] in theorem ...

Note: This linter can be disabled with `set_option linter.unusedSectionVars false`
⚠ [2676/2752] Replayed LeanFlagAlgebras.Core.Examples.FullSevenConverged.TetrahedronOrder7FiveRootBits
warning: LeanFlagAlgebras/Core/Examples/FullSevenConverged/TetrahedronOrder7FiveRootBits.lean:71:53: This simp argument is unused:
  Bool.and_assoc

Hint: Omit it from the simp argument list.
  simp [Nat.testBit_mod_two_pow, s5Gather_testBit,̵ ̵B̵o̵o̵l̵.̵a̵n̵d̵_̵a̵s̵s̵o̵c̵]

Note: This linter can be disabled with `set_option linter.unusedSimpArgs false`
⚠ [2683/2771] Replayed LeanFlagAlgebras.Core.Ensemble.Empirical
warning: LeanFlagAlgebras/Core/Ensemble/Empirical.lean:57:0: automatically included section variable(s) unused in theorem `FlagAlgebras.Core.mem_sigmaLabelings`:
  [S.NullaryFree]
consider restructuring your `variable` declarations so that the variables are not in scope or explicitly omit them:
  omit [S.NullaryFree] in theorem ...

Note: This linter can be disabled with `set_option linter.unusedSectionVars false`
warning: LeanFlagAlgebras/Core/Ensemble/Empirical.lean:66:0: automatically included section variable(s) unused in theorem `FlagAlgebras.Core.IsFlagLabeling.isSigmaLabeling`:
  [S.NullaryFree]
  [Fintype T]
consider restructuring your `variable` declarations so that the variables are not in scope or explicitly omit them:
  omit [S.NullaryFree] [Fintype T] in theorem ...

Note: This linter can be disabled with `set_option linter.unusedSectionVars false`
warning: LeanFlagAlgebras/Core/Ensemble/Empirical.lean:74:0: automatically included section variable(s) unused in theorem `FlagAlgebras.Core.mem_flagLabelings_iff_toFlag_eq`:
  [S.NullaryFree]
consider restructuring your `variable` declarations so that the variables are not in scope or explicitly omit them:
  omit [S.NullaryFree] in theorem ...

Note: This linter can be disabled with `set_option linter.unusedSectionVars false`
warning: LeanFlagAlgebras/Core/Ensemble/Empirical.lean:152:0: automatically included section variable(s) unused in theorem `FlagAlgebras.Core.flagCount_unit_out`:
  [S.NullaryFree]
consider restructuring your `variable` declarations so that the variables are not in scope or explicitly omit them:
  omit [S.NullaryFree] in theorem ...

Note: This linter can be disabled with `set_option linter.unusedSectionVars false`
warning: LeanFlagAlgebras/Core/Ensemble/Empirical.lean:173:0: automatically included section variable(s) unused in theorem `FlagAlgebras.Core.sum_labelingCount_mul_subflagDensity`:
  [𝕋.IsType σ]
consider restructuring your `variable` declarations so that the variables are not in scope or explicitly omit them:
  omit [𝕋.IsType σ] in theorem ...

Note: This linter can be disabled with `set_option linter.unusedSectionVars false`
warning: LeanFlagAlgebras/Core/Ensemble/Empirical.lean:199:0: automatically included section variable(s) unused in theorem `FlagAlgebras.Core.labelPoint_apply`:
  [S.NullaryFree]
consider restructuring your `variable` declarations so that the variables are not in scope or explicitly omit them:
  omit [S.NullaryFree] in theorem ...

Note: This linter can be disabled with `set_option linter.unusedSectionVars false`
warning: LeanFlagAlgebras/Core/Ensemble/Empirical.lean:214:0: automatically included section variable(s) unused in theorem `FlagAlgebras.Core.empiricalMeasure_univ`:
  [S.NullaryFree]
consider restructuring your `variable` declarations so that the variables are not in scope or explicitly omit them:
  omit [S.NullaryFree] in theorem ...

Note: This linter can be disabled with `set_option linter.unusedSectionVars false`
warning: LeanFlagAlgebras/Core/Ensemble/Empirical.lean:242:0: automatically included section variable(s) unused in theorem `FlagAlgebras.Core.integral_empiricalMeasure`:
  [S.NullaryFree]
consider restructuring your `variable` declarations so that the variables are not in scope or explicitly omit them:
  omit [S.NullaryFree] in theorem ...

Note: This linter can be disabled with `set_option linter.unusedSectionVars false`
⚠ [2684/2771] Replayed LeanFlagAlgebras.Core.Ensemble.Extension
warning: LeanFlagAlgebras/Core/Ensemble/Extension.lean:51:0: automatically included section variable(s) unused in theorem `FlagAlgebras.Core.FinFlag.qFactor_pos`:
  [𝕋.IsType σ]
consider restructuring your `variable` declarations so that the variables are not in scope or explicitly omit them:
  omit [𝕋.IsType σ] in theorem ...

Note: This linter can be disabled with `set_option linter.unusedSectionVars false`
warning: LeanFlagAlgebras/Core/Ensemble/Extension.lean:58:0: automatically included section variable(s) unused in theorem `FlagAlgebras.Core.downward_basisVector_quot`:
  [𝕋.IsType σ]
consider restructuring your `variable` declarations so that the variables are not in scope or explicitly omit them:
  omit [𝕋.IsType σ] in theorem ...

Note: This linter can be disabled with `set_option linter.unusedSectionVars false`
warning: LeanFlagAlgebras/Core/Ensemble/Extension.lean:100:0: automatically included section variable(s) unused in theorem `FlagAlgebras.Core.flagDensity_out_right`:
  [S.NullaryFree]
consider restructuring your `variable` declarations so that the variables are not in scope or explicitly omit them:
  omit [S.NullaryFree] in theorem ...

Note: This linter can be disabled with `set_option linter.unusedSectionVars false`
warning: LeanFlagAlgebras/Core/Ensemble/Extension.lean:118:0: automatically included section variable(s) unused in theorem `FlagAlgebras.Core.integral_eval_hostAt`:
  [𝕋.IsType (emptyType S)]
consider restructuring your `variable` declarations so that the variables are not in scope or explicitly omit them:
  omit [𝕋.IsType (emptyType S)] in theorem ...

Note: This linter can be disabled with `set_option linter.unusedSectionVars false`
warning: LeanFlagAlgebras/Core/Ensemble/Extension.lean:160:0: automatically included section variable(s) unused in theorem `FlagAlgebras.Core.empiricalSeq_of_nonempty`:
  [𝕋.IsType (emptyType S)]
consider restructuring your `variable` declarations so that the variables are not in scope or explicitly omit them:
  omit [𝕋.IsType (emptyType S)] in theorem ...

Note: This linter can be disabled with `set_option linter.unusedSectionVars false`
warning: LeanFlagAlgebras/Core/Ensemble/Extension.lean:173:0: automatically included section variable(s) unused in theorem `FlagAlgebras.Core.exists_weakLimit`:
  [𝕋.IsType (emptyType S)]
consider restructuring your `variable` declarations so that the variables are not in scope or explicitly omit them:
  omit [𝕋.IsType (emptyType S)] in theorem ...

Note: This linter can be disabled with `set_option linter.unusedSectionVars false`
warning: LeanFlagAlgebras/Core/Ensemble/Extension.lean:189:0: automatically included section variable(s) unused in theorem `FlagAlgebras.Core.evalBCF_apply`:
  [S.NullaryFree]
  [𝕋.IsType σ]
  [𝕋.IsType (emptyType S)]
consider restructuring your `variable` declarations so that the variables are not in scope or explicitly omit them:
  omit [S.NullaryFree] [𝕋.IsType σ] [𝕋.IsType (emptyType S)] in theorem ...

Note: This linter can be disabled with `set_option linter.unusedSectionVars false`
warning: LeanFlagAlgebras/Core/Ensemble/Extension.lean:230:0: automatically included section variable(s) unused in theorem `FlagAlgebras.Core.ae_eq_zero_of_tendsto_integral`:
  [𝕋.IsType (emptyType S)]
consider restructuring your `variable` declarations so that the variables are not in scope or explicitly omit them:
  omit [𝕋.IsType (emptyType S)] in theorem ...

Note: This linter can be disabled with `set_option linter.unusedSectionVars false`
warning: LeanFlagAlgebras/Core/Ensemble/Extension.lean:256:0: automatically included section variable(s) unused in theorem `FlagAlgebras.Core.chainBCF_apply`:
  [S.NullaryFree]
  [𝕋.IsType σ]
  [𝕋.IsType (emptyType S)]
consider restructuring your `variable` declarations so that the variables are not in scope or explicitly omit them:
  omit [S.NullaryFree] [𝕋.IsType σ] [𝕋.IsType (emptyType S)] in theorem ...

Note: This linter can be disabled with `set_option linter.unusedSectionVars false`
warning: LeanFlagAlgebras/Core/Ensemble/Extension.lean:322:0: automatically included section variable(s) unused in theorem `FlagAlgebras.Core.unitBCF_labelPoint`:
  [𝕋.IsType (emptyType S)]
consider restructuring your `variable` declarations so that the variables are not in scope or explicitly omit them:
  omit [𝕋.IsType (emptyType S)] in theorem ...

Note: This linter can be disabled with `set_option linter.unusedSectionVars false`
warning: LeanFlagAlgebras/Core/Ensemble/Extension.lean:361:36: unused variable `G`

Note: This linter can be disabled with `set_option linter.unusedVariables false`
warning: LeanFlagAlgebras/Core/Ensemble/Extension.lean:367:0: automatically included section variable(s) unused in theorem `FlagAlgebras.Core.mulBCF_apply`:
  [S.NullaryFree]
  [𝕋.IsType σ]
  [𝕋.IsType (emptyType S)]
consider restructuring your `variable` declarations so that the variables are not in scope or explicitly omit them:
  omit [S.NullaryFree] [𝕋.IsType σ] [𝕋.IsType (emptyType S)] in theorem ...

Note: This linter can be disabled with `set_option linter.unusedSectionVars false`
⚠ [2686/2771] Replayed LeanFlagAlgebras.Core.Differential.Stationary
warning: LeanFlagAlgebras/Core/Differential/Stationary.lean:38:0: automatically included section variable(s) unused in theorem `FlagAlgebras.Core.Model.eq_vertexType_of_mem`:
  [S.NullaryFree]
consider restructuring your `variable` declarations so that the variables are not in scope or explicitly omit them:
  omit [S.NullaryFree] in theorem ...

Note: This linter can be disabled with `set_option linter.unusedSectionVars false`
warning: LeanFlagAlgebras/Core/Differential/Stationary.lean:128:0: automatically included section variable(s) unused in theorem `FlagAlgebras.Core.integral_profileEval_weakLimit`:
  hvu
consider restructuring your `variable` declarations so that the variables are not in scope or explicitly omit them:
  omit hvu in theorem ...

Note: This linter can be disabled with `set_option linter.unusedSectionVars false`
⚠ [2734/2771] Replayed LeanFlagAlgebras.Core.Compute.Relabel6
warning: LeanFlagAlgebras/Core/Compute/Relabel6.lean:243:8: unused variable `q`

Note: This linter can be disabled with `set_option linter.unusedVariables false`
warning: LeanFlagAlgebras/Core/Compute/Relabel6.lean:281:23: try 'simp' instead of 'simpa'

Note: This linter can be disabled with `set_option linter.unnecessarySimpa false`
warning: LeanFlagAlgebras/Core/Compute/Relabel6.lean:283:23: try 'simp' instead of 'simpa'

Note: This linter can be disabled with `set_option linter.unnecessarySimpa false`
⚠ [2743/2771] Replayed LeanFlagAlgebras.Core.Examples.FullSevenConverged.TetrahedronOrder7FiveRootPullback
warning: LeanFlagAlgebras/Core/Examples/FullSevenConverged/TetrahedronOrder7FiveRootPullback.lean:123:10: This simp argument is unused:
  s5Encode

Hint: Omit it from the simp argument list.
  simp [̵s̵5̵E̵n̵c̵o̵d̵e̵,̵ ̵s̵5̵R̵o̵o̵t̵M̵a̵s̵k̵6̵,̵[̲s̲5̲R̲o̲o̲t̲M̲a̲s̲k̲6̲,̲ s5LinkMask6, s5Gather_testBit, Nat.testBit_lor, Nat.testBit_shiftLeft, hk,
  ̲  ̲ ̲ ̲ ̲ ̲hs, hn, hsrc.2]

Note: This linter can be disabled with `set_option linter.unusedSimpArgs false`
warning: LeanFlagAlgebras/Core/Examples/FullSevenConverged/TetrahedronOrder7FiveRootPullback.lean:124:6: This simp argument is unused:
  Nat.testBit_lor

Hint: Omit it from the simp argument list.
  simp [s5Encode, s5RootMask6, s5LinkMask6, s5Gather_testBit, N̵a̵t̵.̵t̵e̵s̵t̵B̵i̵t̵_̵l̵o̵r̵,̵ ̵Nat.testBit_shiftLeft, hk, hs, hn,
  ̲  ̲ ̲ ̲ ̲ ̲hsrc.2]

Note: This linter can be disabled with `set_option linter.unusedSimpArgs false`
warning: LeanFlagAlgebras/Core/Examples/FullSevenConverged/TetrahedronOrder7FiveRootPullback.lean:128:10: This simp argument is unused:
  s5Encode

Hint: Omit it from the simp argument list.
  simp [̵s̵5̵E̵n̵c̵o̵d̵e̵,̵ ̵s̵5̵R̵o̵o̵t̵M̵a̵s̵k̵6̵,̵[̲s̲5̲R̲o̲o̲t̲M̲a̲s̲k̲6̲,̲ s5LinkMask6, s5Gather_testBit, Nat.testBit_lor, Nat.testBit_shiftLeft, hk,
  ̲  ̲ ̲ ̲ ̲ ̲hs, hn, hsub, hsrc.2]

Note: This linter can be disabled with `set_option linter.unusedSimpArgs false`
warning: LeanFlagAlgebras/Core/Examples/FullSevenConverged/TetrahedronOrder7FiveRootPullback.lean:129:6: This simp argument is unused:
  Nat.testBit_lor

Hint: Omit it from the simp argument list.
  simp [s5Encode, s5RootMask6, s5LinkMask6, s5Gather_testBit, N̵a̵t̵.̵t̵e̵s̵t̵B̵i̵t̵_̵l̵o̵r̵,̵ ̵Nat.testBit_shiftLeft, hk, hs, hn,
  ̲  ̲ ̲ ̲ ̲ ̲hsub, hsrc.2]

Note: This linter can be disabled with `set_option linter.unusedSimpArgs false`
⚠ [2748/2832] Replayed LeanFlagAlgebras.Core.Differential.Upward
warning: LeanFlagAlgebras/Core/Differential/Upward.lean:253:0: automatically included section variable(s) unused in theorem `FlagAlgebras.Core.card_filter_rooted_witness`:
  [S.NullaryFree]
consider restructuring your `variable` declarations so that the variables are not in scope or explicitly omit them:
  omit [S.NullaryFree] in theorem ...

Note: This linter can be disabled with `set_option linter.unusedSectionVars false`
⚠ [2785/2832] Replayed LeanFlagAlgebras.Core.Examples.TetrahedronOrder7ExtS1
warning: LeanFlagAlgebras/Core/Examples/TetrahedronOrder7ExtS1.lean:73:18: Used `tac1 <;> tac2` where `(tac1; tac2)` would suffice

Note: This linter can be disabled with `set_option linter.unnecessarySeqFocus false`
warning: LeanFlagAlgebras/Core/Examples/TetrahedronOrder7ExtS1.lean:217:16: Used `tac1 <;> tac2` where `(tac1; tac2)` would suffice

Note: This linter can be disabled with `set_option linter.unnecessarySeqFocus false`
⚠ [2787/2832] Replayed LeanFlagAlgebras.Core.Compute.Sym3Delete
warning: LeanFlagAlgebras/Core/Compute/Sym3Delete.lean:83:12: `Finset.filter_card_add_filter_neg_card_eq_card` has been deprecated: Use `Finset.card_filter_add_card_filter_not` instead
warning: LeanFlagAlgebras/Core/Compute/Sym3Delete.lean:138:12: `Nat.succ_mul_choose_eq` has been deprecated: Use `Nat.add_one_mul_choose_eq` instead
warning: LeanFlagAlgebras/Core/Compute/Sym3Delete.lean:132:33: unused variable `hn`

Note: This linter can be disabled with `set_option linter.unusedVariables false`
⚠ [2788/2832] Replayed LeanFlagAlgebras.Core.Compute.Sym3Clone
warning: LeanFlagAlgebras/Core/Compute/Sym3Clone.lean:32:55: unused variable `huv`

Note: This linter can be disabled with `set_option linter.unusedVariables false`
warning: LeanFlagAlgebras/Core/Compute/Sym3Clone.lean:80:47: unused variable `huv`

Note: This linter can be disabled with `set_option linter.unusedVariables false`
warning: LeanFlagAlgebras/Core/Compute/Sym3Clone.lean:139:12: `Finset.filter_card_add_filter_neg_card_eq_card` has been deprecated: Use `Finset.card_filter_add_card_filter_not` instead
warning: LeanFlagAlgebras/Core/Compute/Sym3Clone.lean:148:12: `Finset.filter_card_add_filter_neg_card_eq_card` has been deprecated: Use `Finset.card_filter_add_card_filter_not` instead
⚠ [2863/2912] Replayed LeanFlagAlgebras.Core.Examples.TetrahedronOrder7RootMatch
warning: LeanFlagAlgebras/Core/Examples/TetrahedronOrder7RootMatch.lean:259:33: This simp argument is unused:
  Bool.false_eq_true

Hint: Omit it from the simp argument list.
  simp only [s3Cell, if_neg h,̵ ̵B̵o̵o̵l̵.̵f̵a̵l̵s̵e̵_̵e̵q̵_̵t̵r̵u̵e̵]

Note: This linter can be disabled with `set_option linter.unusedSimpArgs false`
⚠ [2891/2935] Replayed LeanFlagAlgebras.Core.Examples.TetrahedronLimitMul
warning: LeanFlagAlgebras/Core/Examples/TetrahedronLimitMul.lean:127:36: try 'simp' instead of 'simpa'

Note: This linter can be disabled with `set_option linter.unnecessarySimpa false`
✔ [2897/2935] Built LeanFlagAlgebras.Core.Examples.FullSevenConverged.TetrahedronOrder7Objective (9.1s)
✔ [2898/2935] Built LeanFlagAlgebras.Core.Examples.FullSevenConverged.TetrahedronOrder7Assembly (9.2s)
✔ [2899/2935] Built LeanFlagAlgebras.Core.Examples.FullSevenConverged.TetrahedronOrder7FoldSum (9.9s)
✔ [2900/2935] Built LeanFlagAlgebras.Core.Examples.FullSevenConverged.TetrahedronDegreeExpand (8.2s)
✔ [2901/2935] Built LeanFlagAlgebras.Core.Examples.FullSevenConverged.TetrahedronOrder7Pieces (8.3s)
✔ [2902/2935] Built LeanFlagAlgebras.Core.Examples.FullSevenConverged.TetrahedronOrder7BlockFlags (35s)
✔ [2903/2935] Built LeanFlagAlgebras.Core.Examples.FullSevenConverged.TetrahedronOrder7Induce5 (8.8s)
✔ [2904/2935] Built LeanFlagAlgebras.Core.Examples.FullSevenConverged.TetrahedronOrder7Ext24 (8.9s)
✔ [2905/2935] Built LeanFlagAlgebras.Core.Examples.FullSevenConverged.TetrahedronOrder7Ext45 (13s)
✔ [2906/2935] Built LeanFlagAlgebras.Core.Examples.FullSevenConverged.TetrahedronOrder7BlockGamma (7.3s)
✔ [2907/2935] Built LeanFlagAlgebras.Core.Examples.FullSevenConverged.TetrahedronOrder7BlockCheck (180s)
✔ [2908/2935] Built LeanFlagAlgebras.Core.Examples.FullSevenConverged.TetrahedronOrder7BlockSOS (7.2s)
✔ [2909/2935] Built LeanFlagAlgebras.Core.Examples.FullSevenConverged.TetrahedronOrder7BlockElt (7.9s)
✔ [2910/2935] Built LeanFlagAlgebras.Core.Examples.FullSevenConverged.TetrahedronOrder7GatherPull (536s)
✔ [2911/2935] Built LeanFlagAlgebras.Core.Examples.FullSevenConverged.TetrahedronOrder7RootFlags (597s)
✔ [2912/2935] Built LeanFlagAlgebras.Core.Examples.FullSevenConverged.TetrahedronOrder7CellSem (6.9s)
✔ [2913/2935] Built LeanFlagAlgebras.Core.Examples.FullSevenConverged.TetrahedronOrder7CellWeight (7.8s)
✔ [2914/2935] Built LeanFlagAlgebras.Core.Examples.FullSevenConverged.TetrahedronOrder7RootAcct (8.9s)
✔ [2915/2935] Built LeanFlagAlgebras.Core.Examples.FullSevenConverged.TetrahedronOrder7RootSOS (13s)
✔ [2916/2935] Built LeanFlagAlgebras.Core.Examples.FullSevenConverged.TetrahedronOrder7Reindex (13s)
✔ [2917/2935] Built LeanFlagAlgebras.Core.Examples.FullSevenConverged.TetrahedronOrder7RootExpand (7.9s)
⚠ [2918/2935] Built LeanFlagAlgebras.Core.Examples.FullSevenConverged.TetrahedronOrder7RootMatch (9.7s)
warning: LeanFlagAlgebras/Core/Examples/FullSevenConverged/TetrahedronOrder7RootMatch.lean:262:33: This simp argument is unused:
  Bool.false_eq_true

Hint: Omit it from the simp argument list.
  simp only [s3Cell, if_neg h,̵ ̵B̵o̵o̵l̵.̵f̵a̵l̵s̵e̵_̵e̵q̵_̵t̵r̵u̵e̵]

Note: This linter can be disabled with `set_option linter.unusedSimpArgs false`
✔ [2919/2935] Built LeanFlagAlgebras.Core.Examples.FullSevenConverged.TetrahedronDegreeCheck (1585s)
✔ [2920/2935] Built LeanFlagAlgebras.Core.Examples.FullSevenConverged.TetrahedronOrder7RootElt (7.3s)
✔ [2921/2935] Built LeanFlagAlgebras.Core.Examples.FullSevenConverged.TetrahedronOrder7RootScaled (8.2s)
✔ [2922/2935] Built LeanFlagAlgebras.Core.Examples.FullSevenConverged.TetrahedronMaximizer (6.9s)
✔ [2923/2935] Built LeanFlagAlgebras.Core.Examples.FullSevenConverged.TetrahedronRealize (13s)
✔ [2924/2935] Built LeanFlagAlgebras.Core.Examples.FullSevenConverged.TetrahedronCompact (7.7s)
✔ [2925/2935] Built LeanFlagAlgebras.Core.Examples.FullSevenConverged.TetrahedronLimitLin (8.2s)
⚠ [2926/2935] Built LeanFlagAlgebras.Core.Examples.FullSevenConverged.TetrahedronLimitMul (8.2s)
warning: LeanFlagAlgebras/Core/Examples/FullSevenConverged/TetrahedronLimitMul.lean:130:36: try 'simp' instead of 'simpa'

Note: This linter can be disabled with `set_option linter.unnecessarySimpa false`
✔ [2927/2935] Built LeanFlagAlgebras.Core.Examples.FullSevenConverged.TetrahedronLimitHom (7.9s)
✔ [2928/2935] Built LeanFlagAlgebras.Core.Examples.FullSevenConverged.TetrahedronRealizedApply (7.6s)
✔ [2929/2935] Built LeanFlagAlgebras.Core.Examples.FullSevenConverged.TetrahedronTuran (8.5s)
✔ [2930/2935] Built LeanFlagAlgebras.Core.Examples.FullSevenConverged.TetrahedronAntitone (8.5s)
✔ [2931/2935] Built LeanFlagAlgebras.Core.Examples.FullSevenConverged.TetrahedronExtremal (7.4s)
✔ [2932/2935] Built LeanFlagAlgebras.Core.Examples.FullSevenConverged.TetrahedronDifferential (35s)
✔ [2933/2935] Built LeanFlagAlgebras.Core.Examples.FullSevenConverged.TetrahedronStatComb (97s)
✔ [2934/2935] Built LeanFlagAlgebras.Core.Examples.FullSevenConverged.TetrahedronBoost (22s)
✔ [2935/2935] Built LeanFlagAlgebras.Core.Examples.FullSevenConverged.TetrahedronConvergedHeadline (10s)
Build completed successfully (2935 jobs).
