✔ [155/177] Built LeanFlagAlgebras.Core.Examples.FullSevenConverged.TetrahedronOrder7FiveRootFactors10 (34s)
✔ [156/177] Built LeanFlagAlgebras.Core.Examples.FullSevenConverged.TetrahedronOrder7FiveRootFactors09 (8.3s)
✔ [157/177] Built LeanFlagAlgebras.Core.Examples.FullSevenConverged.TetrahedronOrder7FiveRootFactors11 (45s)
✔ [158/177] Built LeanFlagAlgebras.Core.Examples.FullSevenConverged.TetrahedronOrder7FiveRootFactors12 (46s)
✔ [159/177] Built LeanFlagAlgebras.Core.Examples.FullSevenConverged.TetrahedronOrder7FiveRootFactors13 (46s)
✔ [160/177] Built LeanFlagAlgebras.Core.Examples.FullSevenConverged.TetrahedronOrder7FiveRootFactors15 (46s)
✔ [161/177] Built LeanFlagAlgebras.Core.Examples.FullSevenConverged.TetrahedronOrder7FiveRootFactors16 (46s)
✔ [162/177] Built LeanFlagAlgebras.Core.Examples.FullSevenConverged.TetrahedronOrder7FiveRootFactors17 (46s)
✔ [163/177] Built LeanFlagAlgebras.Core.Examples.FullSevenConverged.TetrahedronOrder7FiveRootFactors14 (46s)
✔ [164/177] Built LeanFlagAlgebras.Core.Examples.FullSevenConverged.TetrahedronOrder7FiveRootFactors08 (20s)
✔ [165/177] Built LeanFlagAlgebras.Core.Examples.FullSevenConverged.TetrahedronOrder7FiveRootFactors07 (34s)
✔ [252/265] Built LeanFlagAlgebras.Core.Examples.FullSevenConverged.TetrahedronOrder7FiveRootFactors06 (36s)
✔ [565/591] Built LeanFlagAlgebras.Core.Examples.FullSevenConverged.TetrahedronOrder7FiveRootFactors03 (41s)
✔ [566/591] Built LeanFlagAlgebras.Core.Examples.FullSevenConverged.TetrahedronOrder7FiveRootFactors04 (41s)
✔ [567/591] Built LeanFlagAlgebras.Core.Examples.FullSevenConverged.TetrahedronOrder7FiveRootFactors05 (41s)
✔ [578/607] Built LeanFlagAlgebras.Core.Examples.FullSevenConverged.TetrahedronOrder7FiveRootFactors02 (41s)
✔ [993/1001] Built LeanFlagAlgebras.Core.Examples.FullSevenConverged.TetrahedronOrder7FiveRootFactors01 (48s)
⚠ [994/1001] Built LeanFlagAlgebras.Core.Examples.FullSevenConverged.TetrahedronOrder7FiveRootBits (65s)
warning: LeanFlagAlgebras/Core/Examples/FullSevenConverged/TetrahedronOrder7FiveRootBits.lean:71:53: This simp argument is unused:
  Bool.and_assoc

Hint: Omit it from the simp argument list.
  simp [Nat.testBit_mod_two_pow, s5Gather_testBit,̵ ̵B̵o̵o̵l̵.̵a̵n̵d̵_̵a̵s̵s̵o̵c̵]

Note: This linter can be disabled with `set_option linter.unusedSimpArgs false`
✔ [995/1001] Built LeanFlagAlgebras.Core.Examples.FullSevenConverged.TetrahedronOrder7FactorsS1 (65s)
✔ [996/1001] Built LeanFlagAlgebras.Core.Examples.FullSevenConverged.TetrahedronOrder7FactorsS31 (65s)
✔ [997/1001] Built LeanFlagAlgebras.Core.Examples.FullSevenConverged.TetrahedronOrder7FactorsS30 (66s)
✔ [998/1001] Built LeanFlagAlgebras.Core.Examples.FullSevenConverged.TetrahedronOrder7FiveRootTables (10s)
✔ [999/1001] Built LeanFlagAlgebras.Core.Examples.FullSevenConverged.TetrahedronOrder7FiveRootOrderedData (24s)
✔ [1000/1001] Built LeanFlagAlgebras.Core.Examples.FullSevenConverged.TetrahedronOrder7FiveRootFactors00 (134s)
✔ [1001/1001] Built LeanFlagAlgebras.Core.Examples.FullSevenConverged.TetrahedronOrder7FiveRootData (8.4s)
Build completed successfully (1001 jobs).
