✔ [1224/1262] Built LeanFlagAlgebras.Core.Signature (50s)
✔ [1226/1263] Built LeanFlagAlgebras.Utils.LinExtension (50s)
✔ [1228/1263] Built LeanFlagAlgebras.Core.Examples.FullSevenLong.TetrahedronOrder7FiveRootFactors09 (50s)
✔ [1231/1264] Built LeanFlagAlgebras.Core.Examples.FullSevenLong.TetrahedronOrder7FiveRootFactors08 (64s)
✔ [1233/1266] Built LeanFlagAlgebras.Core.Examples.FullSevenLong.TetrahedronOrder7FiveRootFactors06 (65s)
✔ [1234/1266] Built LeanFlagAlgebras.Core.Examples.FullSevenLong.TetrahedronOrder7FiveRootFactors07 (65s)
✔ [1236/1267] Built LeanFlagAlgebras.Core.Examples.FullSevenLong.TetrahedronOrder7FiveRootFactors05 (67s)
✔ [1237/1269] Built LeanFlagAlgebras.Core.Examples.FullSevenLong.TetrahedronOrder7FiveRootFactors10 (26s)
✔ [1238/1269] Built LeanFlagAlgebras.Core.Theory (26s)
✔ [1239/1269] Built LeanFlagAlgebras.Core.Examples.FullSevenLong.TetrahedronOrder7FiveRootFactors11 (32s)
✔ [1240/1272] Built LeanFlagAlgebras.Core.Examples.FullSevenLong.TetrahedronOrder7FiveRootFactors13 (26s)
✔ [1241/1272] Built LeanFlagAlgebras.Core.Examples.FullSevenLong.TetrahedronOrder7FiveRootFactors12 (28s)
✔ [1243/1279] Built LeanFlagAlgebras.Core.Examples.FullSevenLong.TetrahedronOrder7FiveRootFactors15 (25s)
✔ [1244/1279] Built LeanFlagAlgebras.Core.Examples.FullSevenLong.TetrahedronOrder7FiveRootFactors14 (29s)
✔ [1245/1279] Built LeanFlagAlgebras.Core.Examples.FullSevenLong.TetrahedronOrder7FiveRootFactors17 (21s)
✔ [1246/1279] Built LeanFlagAlgebras.Core.Examples.FullSevenLong.TetrahedronOrder7FiveRootFactors16 (23s)
✔ [1247/1279] Built LeanFlagAlgebras.Core.Forbid (17s)
✔ [1248/1279] Built LeanFlagAlgebras.Core.Instances.Hypergraph3 (12s)
✔ [1249/1279] Built LeanFlagAlgebras.Core.Flag (13s)
✔ [1250/1279] Built LeanFlagAlgebras.Core.Density (8.2s)
✔ [1251/1279] Built LeanFlagAlgebras.Core.Examples.FullSevenLong.TetrahedronOrder7FiveRootFactors03 (116s)
✔ [1252/1279] Built LeanFlagAlgebras.Core.Examples.FullSevenLong.TetrahedronOrder7FiveRootFactors04 (116s)
✔ [1253/1279] Built LeanFlagAlgebras.Core.Examples.FullSevenLong.TetrahedronOrder7FiveRootFactors01 (116s)
✔ [1254/1279] Built LeanFlagAlgebras.Core.Examples.FullSevenLong.TetrahedronOrder7FiveRootFactors02 (116s)
✔ [1255/1279] Built LeanFlagAlgebras.Core.Examples.FullSevenLong.TetrahedronOrder7FiveRootFactors00 (117s)
✔ [1256/1279] Built LeanFlagAlgebras.Core.JointDensity (9.0s)
✔ [1257/1279] Built LeanFlagAlgebras.Core.Algebra (10s)
✔ [1258/1279] Built LeanFlagAlgebras.Core.Compute.Sym3 (11s)
✔ [1259/1279] Built LeanFlagAlgebras.Core.PositiveHom (12s)
✔ [1260/1279] Built LeanFlagAlgebras.Core.Downward (13s)
✔ [1261/1279] Built LeanFlagAlgebras.Core.Compute.Mask3 (12s)
✔ [1262/1279] Built LeanFlagAlgebras.Core.Compute.Sym3Downward (33s)
✔ [1263/1279] Built LeanFlagAlgebras.Core.SquarePositivity (33s)
✔ [1264/1279] Built LeanFlagAlgebras.Core.Examples.TetrahedronOrder7Witness (40s)
✔ [1265/1279] Built LeanFlagAlgebras.Core.Examples.TetrahedronOrder7Data (43s)
✔ [1266/1279] Built LeanFlagAlgebras.Core.Examples.FullSevenLong.TetrahedronOrder7FiveRootData (51s)
⚠ [1267/1279] Built LeanFlagAlgebras.Core.Examples.FullSevenLong.TetrahedronOrder7FiveRootBits (51s)
warning: LeanFlagAlgebras/Core/Examples/FullSevenLong/TetrahedronOrder7FiveRootBits.lean:68:53: This simp argument is unused:
  Bool.and_assoc

Hint: Omit it from the simp argument list.
  simp [Nat.testBit_mod_two_pow, s5Gather_testBit,̵ ̵B̵o̵o̵l̵.̵a̵n̵d̵_̵a̵s̵s̵o̵c̵]

Note: This linter can be disabled with `set_option linter.unusedSimpArgs false`
✔ [1268/1279] Built LeanFlagAlgebras.Core.Examples.FullSevenLong.TetrahedronOrder7FactorsS1 (51s)
✔ [1269/1279] Built LeanFlagAlgebras.Core.Examples.FullSevenLong.TetrahedronOrder7FactorsS31 (51s)
✔ [1270/1279] Built LeanFlagAlgebras.Core.Examples.FullSevenLong.TetrahedronOrder7FactorsS30 (51s)
✔ [1271/1279] Built LeanFlagAlgebras.Core.Examples.FullSevenLong.TetrahedronOrder7FiveRootTables (9.5s)
✔ [1272/1279] Built LeanFlagAlgebras.Core.Examples.FullSevenLong.TetrahedronOrder7FiveRootColumn (8.4s)
✔ [1273/1279] Built LeanFlagAlgebras.Core.Examples.Tetrahedron (53s)
✔ [1274/1279] Built LeanFlagAlgebras.Core.Examples.TetrahedronMask (10s)
✔ [1275/1279] Built LeanFlagAlgebras.Core.Examples.TetrahedronOrder7Checker (279s)
✔ [1276/1279] Built LeanFlagAlgebras.Core.Examples.FullSevenLong.TetrahedronOrder7Extension (279s)
✔ [1277/1279] Built LeanFlagAlgebras.Core.Examples.FullSevenLong.TetrahedronOrder7Blocks (87s)
✔ [1278/1279] Built LeanFlagAlgebras.Core.Examples.FullSevenLong.TetrahedronOrder7Column (340s)
✔ [1279/1279] Built LeanFlagAlgebras.Core.Examples.FullSevenLong.TetrahedronOrder7Check (7.9s)
Build completed successfully (1279 jobs).
