✔ [2645/2747] Built LeanFlagAlgebras.Core.Signature (27s)
✔ [2646/2747] Built LeanFlagAlgebras.Core.Compute.RootingReindex (27s)
✔ [2647/2747] Built LeanFlagAlgebras.Utils.LinExtension (27s)
✔ [2648/2747] Built LeanFlagAlgebras.Core.Theory (9.7s)
✔ [2649/2747] Built LeanFlagAlgebras.Core.Flag (16s)
✔ [2650/2747] Built LeanFlagAlgebras.Core.Instances.Hypergraph3 (16s)
✔ [2651/2747] Built LeanFlagAlgebras.Core.Forbid (16s)
✔ [2652/2747] Built LeanFlagAlgebras.Core.Instances.Graph (17s)
✔ [2653/2747] Built LeanFlagAlgebras.Core.Density (11s)
✔ [2654/2747] Built LeanFlagAlgebras.Core.JointDensity (13s)
✔ [2655/2747] Built LeanFlagAlgebras.Core.Algebra (16s)
✔ [2656/2747] Built LeanFlagAlgebras.Core.Compute.Sym3 (18s)
✔ [2657/2747] Built LeanFlagAlgebras.Core.PositiveHom (18s)
✔ [2658/2747] Built LeanFlagAlgebras.Core.Downward (18s)
✔ [2659/2747] Built LeanFlagAlgebras.Core.Compute.Sym3FlagIso (17s)
⚠ [2660/2747] Built LeanFlagAlgebras.Core.Compute.Sym3Delete (18s)
warning: LeanFlagAlgebras/Core/Compute/Sym3Delete.lean:83:12: `Finset.filter_card_add_filter_neg_card_eq_card` has been deprecated: Use `Finset.card_filter_add_card_filter_not` instead
warning: LeanFlagAlgebras/Core/Compute/Sym3Delete.lean:138:12: `Nat.succ_mul_choose_eq` has been deprecated: Use `Nat.add_one_mul_choose_eq` instead
warning: LeanFlagAlgebras/Core/Compute/Sym3Delete.lean:132:33: unused variable `hn`

Note: This linter can be disabled with `set_option linter.unusedVariables false`
✔ [2661/2747] Built LeanFlagAlgebras.Core.Compute.Mask3 (19s)
✔ [2662/2747] Built LeanFlagAlgebras.Core.Compute.Sym3Downward (19s)
⚠ [2663/2747] Built LeanFlagAlgebras.Core.Limit.Profile (20s)
warning: LeanFlagAlgebras/Core/Limit/Profile.lean:58:0: automatically included section variable(s) unused in theorem `FlagAlgebras.Core.limitLin_basis`:
  [Fintype T]
consider restructuring your `variable` declarations so that the variables are not in scope or explicitly omit them:
  omit [Fintype T] in theorem ...

Note: This linter can be disabled with `set_option linter.unusedSectionVars false`
warning: LeanFlagAlgebras/Core/Limit/Profile.lean:63:0: automatically included section variable(s) unused in theorem `FlagAlgebras.Core.limitLin_apply`:
  [Fintype T]
consider restructuring your `variable` declarations so that the variables are not in scope or explicitly omit them:
  omit [Fintype T] in theorem ...

Note: This linter can be disabled with `set_option linter.unusedSectionVars false`
✔ [2664/2747] Built LeanFlagAlgebras.Core.Expand (19s)
⚠ [2665/2747] Built LeanFlagAlgebras.Core.Compute.Sym3Clone (18s)
warning: LeanFlagAlgebras/Core/Compute/Sym3Clone.lean:32:55: unused variable `huv`

Note: This linter can be disabled with `set_option linter.unusedVariables false`
warning: LeanFlagAlgebras/Core/Compute/Sym3Clone.lean:80:47: unused variable `huv`

Note: This linter can be disabled with `set_option linter.unusedVariables false`
warning: LeanFlagAlgebras/Core/Compute/Sym3Clone.lean:139:12: `Finset.filter_card_add_filter_neg_card_eq_card` has been deprecated: Use `Finset.card_filter_add_card_filter_not` instead
warning: LeanFlagAlgebras/Core/Compute/Sym3Clone.lean:148:12: `Finset.filter_card_add_filter_neg_card_eq_card` has been deprecated: Use `Finset.card_filter_add_card_filter_not` instead
✔ [2666/2747] Built LeanFlagAlgebras.Core.Compute.Sym3Var (19s)
✔ [2667/2747] Built LeanFlagAlgebras.Core.Differential.Eval (19s)
✔ [2668/2747] Built LeanFlagAlgebras.Core.SquarePositivity (21s)
✔ [2669/2747] Built LeanFlagAlgebras.Core.Compute.MaskInj (18s)
⚠ [2670/2747] Built LeanFlagAlgebras.Core.Compute.Relabel6 (19s)
warning: LeanFlagAlgebras/Core/Compute/Relabel6.lean:243:8: unused variable `q`

Note: This linter can be disabled with `set_option linter.unusedVariables false`
warning: LeanFlagAlgebras/Core/Compute/Relabel6.lean:281:23: try 'simp' instead of 'simpa'

Note: This linter can be disabled with `set_option linter.unnecessarySimpa false`
warning: LeanFlagAlgebras/Core/Compute/Relabel6.lean:283:23: try 'simp' instead of 'simpa'

Note: This linter can be disabled with `set_option linter.unnecessarySimpa false`
✔ [2671/2747] Built LeanFlagAlgebras.Core.Examples.TetrahedronOrder7Data (31s)
✔ [2672/2747] Built LeanFlagAlgebras.Core.Examples.TetrahedronOrder7Witness (35s)
✔ [2673/2747] Built LeanFlagAlgebras.Core.Compute.Sym3Fiber (15s)
✔ [2674/2747] Built LeanFlagAlgebras.Core.Limit.Compact (16s)
✔ [2675/2747] Built LeanFlagAlgebras.Core.Differential.Stability (14s)
✔ [2676/2747] Built LeanFlagAlgebras.Core.Differential.Vertex (18s)
✔ [2677/2747] Built LeanFlagAlgebras.Core.Stationarity (20s)
✔ [2678/2747] Built LeanFlagAlgebras.Core.Compute.Mask6Inj (15s)
✔ [2679/2747] Built LeanFlagAlgebras.Core.Compute.Sym3RootingReindex (16s)
✔ [2680/2747] Built LeanFlagAlgebras.Core.Limit.Realize (17s)
✔ [2681/2747] Built LeanFlagAlgebras.Core.Differential.Deletion (14s)
⚠ [2682/2747] Built LeanFlagAlgebras.Core.Limit.Sampling (20s)
warning: LeanFlagAlgebras/Core/Limit/Sampling.lean:176:0: automatically included section variable(s) unused in theorem `FlagAlgebras.Core.le_hostSize`:
  [𝕋.IsType σ]
consider restructuring your `variable` declarations so that the variables are not in scope or explicitly omit them:
  omit [𝕋.IsType σ] in theorem ...

Note: This linter can be disabled with `set_option linter.unusedSectionVars false`
⚠ [2683/2747] Built LeanFlagAlgebras.Core.Ensemble.DensitySpace (23s)
warning: LeanFlagAlgebras/Core/Ensemble/DensitySpace.lean:40:0: automatically included section variable(s) unused in theorem `FlagAlgebras.Core.flagDensitySpace_isCompact`:
  [Fintype T]
consider restructuring your `variable` declarations so that the variables are not in scope or explicitly omit them:
  omit [Fintype T] in theorem ...

Note: This linter can be disabled with `set_option linter.unusedSectionVars false`
warning: LeanFlagAlgebras/Core/Ensemble/DensitySpace.lean:50:0: automatically included section variable(s) unused in theorem `FlagAlgebras.Core.FlagDensitySpace.mem_Icc`:
  [Fintype T]
consider restructuring your `variable` declarations so that the variables are not in scope or explicitly omit them:
  omit [Fintype T] in theorem ...

Note: This linter can be disabled with `set_option linter.unusedSectionVars false`
warning: LeanFlagAlgebras/Core/Ensemble/DensitySpace.lean:69:0: automatically included section variable(s) unused in theorem `FlagAlgebras.Core.FlagDensitySpace.continuous_eval`:
  [Fintype T]
consider restructuring your `variable` declarations so that the variables are not in scope or explicitly omit them:
  omit [Fintype T] in theorem ...

Note: This linter can be disabled with `set_option linter.unusedSectionVars false`
warning: LeanFlagAlgebras/Core/Ensemble/DensitySpace.lean:74:0: automatically included section variable(s) unused in theorem `FlagAlgebras.Core.FlagDensitySpace.measurable_eval`:
  [Fintype T]
consider restructuring your `variable` declarations so that the variables are not in scope or explicitly omit them:
  omit [Fintype T] in theorem ...

Note: This linter can be disabled with `set_option linter.unusedSectionVars false`
warning: LeanFlagAlgebras/Core/Ensemble/DensitySpace.lean:79:0: automatically included section variable(s) unused in theorem `FlagAlgebras.Core.FlagDensitySpace.tendsto_iff`:
  [Fintype T]
consider restructuring your `variable` declarations so that the variables are not in scope or explicitly omit them:
  omit [Fintype T] in theorem ...

Note: This linter can be disabled with `set_option linter.unusedSectionVars false`
warning: LeanFlagAlgebras/Core/Ensemble/DensitySpace.lean:133:6: unused variable `φ₁`

Note: This linter can be disabled with `set_option linter.unusedVariables false`
warning: LeanFlagAlgebras/Core/Ensemble/DensitySpace.lean:133:9: unused variable `φ₂`

Note: This linter can be disabled with `set_option linter.unusedVariables false`
warning: LeanFlagAlgebras/Core/Ensemble/DensitySpace.lean:167:0: automatically included section variable(s) unused in theorem `FlagAlgebras.Core.isClosed_chainClosed`:
  [𝕋.IsType σ]
consider restructuring your `variable` declarations so that the variables are not in scope or explicitly omit them:
  omit [𝕋.IsType σ] in theorem ...

Note: This linter can be disabled with `set_option linter.unusedSectionVars false`
warning: LeanFlagAlgebras/Core/Ensemble/DensitySpace.lean:185:0: automatically included section variable(s) unused in theorem `FlagAlgebras.Core.isClosed_mulClosed`:
  [𝕋.IsType σ]
consider restructuring your `variable` declarations so that the variables are not in scope or explicitly omit them:
  omit [𝕋.IsType σ] in theorem ...

Note: This linter can be disabled with `set_option linter.unusedSectionVars false`
✔ [2684/2747] Built LeanFlagAlgebras.Core.Differential.Telescope (22s)
⚠ [2685/2747] Built LeanFlagAlgebras.Core.Ensemble.Empirical (16s)
warning: LeanFlagAlgebras/Core/Ensemble/Empirical.lean:57:0: automatically included section variable(s) unused in theorem `FlagAlgebras.Core.mem_sigmaLabelings`:
  [S.NullaryFree]
consider restructuring your `variable` declarations so that the variables are not in scope or explicitly omit them:
  omit [S.NullaryFree] in theorem ...

Note: This linter can be disabled with `set_option linter.unusedSectionVars false`
warning: LeanFlagAlgebras/Core/Ensemble/Empirical.lean:66:0: automatically included section variable(s) unused in theorem `FlagAlgebras.Core.IsFlagLabeling.isSigmaLabeling`:
  [S.NullaryFree]
  [Fintype T]
consider restructuring your `variable` declarations so that the variables are not in scope or explicitly omit them:
  omit [S.NullaryFree] [Fintype T] in theorem ...

Note: This linter can be disabled with `set_option linter.unusedSectionVars false`
warning: LeanFlagAlgebras/Core/Ensemble/Empirical.lean:74:0: automatically included section variable(s) unused in theorem `FlagAlgebras.Core.mem_flagLabelings_iff_toFlag_eq`:
  [S.NullaryFree]
consider restructuring your `variable` declarations so that the variables are not in scope or explicitly omit them:
  omit [S.NullaryFree] in theorem ...

Note: This linter can be disabled with `set_option linter.unusedSectionVars false`
warning: LeanFlagAlgebras/Core/Ensemble/Empirical.lean:152:0: automatically included section variable(s) unused in theorem `FlagAlgebras.Core.flagCount_unit_out`:
  [S.NullaryFree]
consider restructuring your `variable` declarations so that the variables are not in scope or explicitly omit them:
  omit [S.NullaryFree] in theorem ...

Note: This linter can be disabled with `set_option linter.unusedSectionVars false`
warning: LeanFlagAlgebras/Core/Ensemble/Empirical.lean:173:0: automatically included section variable(s) unused in theorem `FlagAlgebras.Core.sum_labelingCount_mul_subflagDensity`:
  [𝕋.IsType σ]
consider restructuring your `variable` declarations so that the variables are not in scope or explicitly omit them:
  omit [𝕋.IsType σ] in theorem ...

Note: This linter can be disabled with `set_option linter.unusedSectionVars false`
warning: LeanFlagAlgebras/Core/Ensemble/Empirical.lean:199:0: automatically included section variable(s) unused in theorem `FlagAlgebras.Core.labelPoint_apply`:
  [S.NullaryFree]
consider restructuring your `variable` declarations so that the variables are not in scope or explicitly omit them:
  omit [S.NullaryFree] in theorem ...

Note: This linter can be disabled with `set_option linter.unusedSectionVars false`
warning: LeanFlagAlgebras/Core/Ensemble/Empirical.lean:214:0: automatically included section variable(s) unused in theorem `FlagAlgebras.Core.empiricalMeasure_univ`:
  [S.NullaryFree]
consider restructuring your `variable` declarations so that the variables are not in scope or explicitly omit them:
  omit [S.NullaryFree] in theorem ...

Note: This linter can be disabled with `set_option linter.unusedSectionVars false`
warning: LeanFlagAlgebras/Core/Ensemble/Empirical.lean:242:0: automatically included section variable(s) unused in theorem `FlagAlgebras.Core.integral_empiricalMeasure`:
  [S.NullaryFree]
consider restructuring your `variable` declarations so that the variables are not in scope or explicitly omit them:
  omit [S.NullaryFree] in theorem ...

Note: This linter can be disabled with `set_option linter.unusedSectionVars false`
⚠ [2686/2747] Built LeanFlagAlgebras.Core.Ensemble.Extension (15s)
warning: LeanFlagAlgebras/Core/Ensemble/Extension.lean:51:0: automatically included section variable(s) unused in theorem `FlagAlgebras.Core.FinFlag.qFactor_pos`:
  [𝕋.IsType σ]
consider restructuring your `variable` declarations so that the variables are not in scope or explicitly omit them:
  omit [𝕋.IsType σ] in theorem ...

Note: This linter can be disabled with `set_option linter.unusedSectionVars false`
warning: LeanFlagAlgebras/Core/Ensemble/Extension.lean:58:0: automatically included section variable(s) unused in theorem `FlagAlgebras.Core.downward_basisVector_quot`:
  [𝕋.IsType σ]
consider restructuring your `variable` declarations so that the variables are not in scope or explicitly omit them:
  omit [𝕋.IsType σ] in theorem ...

Note: This linter can be disabled with `set_option linter.unusedSectionVars false`
warning: LeanFlagAlgebras/Core/Ensemble/Extension.lean:100:0: automatically included section variable(s) unused in theorem `FlagAlgebras.Core.flagDensity_out_right`:
  [S.NullaryFree]
consider restructuring your `variable` declarations so that the variables are not in scope or explicitly omit them:
  omit [S.NullaryFree] in theorem ...

Note: This linter can be disabled with `set_option linter.unusedSectionVars false`
warning: LeanFlagAlgebras/Core/Ensemble/Extension.lean:118:0: automatically included section variable(s) unused in theorem `FlagAlgebras.Core.integral_eval_hostAt`:
  [𝕋.IsType (emptyType S)]
consider restructuring your `variable` declarations so that the variables are not in scope or explicitly omit them:
  omit [𝕋.IsType (emptyType S)] in theorem ...

Note: This linter can be disabled with `set_option linter.unusedSectionVars false`
warning: LeanFlagAlgebras/Core/Ensemble/Extension.lean:160:0: automatically included section variable(s) unused in theorem `FlagAlgebras.Core.empiricalSeq_of_nonempty`:
  [𝕋.IsType (emptyType S)]
consider restructuring your `variable` declarations so that the variables are not in scope or explicitly omit them:
  omit [𝕋.IsType (emptyType S)] in theorem ...

Note: This linter can be disabled with `set_option linter.unusedSectionVars false`
warning: LeanFlagAlgebras/Core/Ensemble/Extension.lean:173:0: automatically included section variable(s) unused in theorem `FlagAlgebras.Core.exists_weakLimit`:
  [𝕋.IsType (emptyType S)]
consider restructuring your `variable` declarations so that the variables are not in scope or explicitly omit them:
  omit [𝕋.IsType (emptyType S)] in theorem ...

Note: This linter can be disabled with `set_option linter.unusedSectionVars false`
warning: LeanFlagAlgebras/Core/Ensemble/Extension.lean:189:0: automatically included section variable(s) unused in theorem `FlagAlgebras.Core.evalBCF_apply`:
  [S.NullaryFree]
  [𝕋.IsType σ]
  [𝕋.IsType (emptyType S)]
consider restructuring your `variable` declarations so that the variables are not in scope or explicitly omit them:
  omit [S.NullaryFree] [𝕋.IsType σ] [𝕋.IsType (emptyType S)] in theorem ...

Note: This linter can be disabled with `set_option linter.unusedSectionVars false`
warning: LeanFlagAlgebras/Core/Ensemble/Extension.lean:230:0: automatically included section variable(s) unused in theorem `FlagAlgebras.Core.ae_eq_zero_of_tendsto_integral`:
  [𝕋.IsType (emptyType S)]
consider restructuring your `variable` declarations so that the variables are not in scope or explicitly omit them:
  omit [𝕋.IsType (emptyType S)] in theorem ...

Note: This linter can be disabled with `set_option linter.unusedSectionVars false`
warning: LeanFlagAlgebras/Core/Ensemble/Extension.lean:256:0: automatically included section variable(s) unused in theorem `FlagAlgebras.Core.chainBCF_apply`:
  [S.NullaryFree]
  [𝕋.IsType σ]
  [𝕋.IsType (emptyType S)]
consider restructuring your `variable` declarations so that the variables are not in scope or explicitly omit them:
  omit [S.NullaryFree] [𝕋.IsType σ] [𝕋.IsType (emptyType S)] in theorem ...

Note: This linter can be disabled with `set_option linter.unusedSectionVars false`
warning: LeanFlagAlgebras/Core/Ensemble/Extension.lean:322:0: automatically included section variable(s) unused in theorem `FlagAlgebras.Core.unitBCF_labelPoint`:
  [𝕋.IsType (emptyType S)]
consider restructuring your `variable` declarations so that the variables are not in scope or explicitly omit them:
  omit [𝕋.IsType (emptyType S)] in theorem ...

Note: This linter can be disabled with `set_option linter.unusedSectionVars false`
warning: LeanFlagAlgebras/Core/Ensemble/Extension.lean:361:36: unused variable `G`

Note: This linter can be disabled with `set_option linter.unusedVariables false`
warning: LeanFlagAlgebras/Core/Ensemble/Extension.lean:367:0: automatically included section variable(s) unused in theorem `FlagAlgebras.Core.mulBCF_apply`:
  [S.NullaryFree]
  [𝕋.IsType σ]
  [𝕋.IsType (emptyType S)]
consider restructuring your `variable` declarations so that the variables are not in scope or explicitly omit them:
  omit [S.NullaryFree] [𝕋.IsType σ] [𝕋.IsType (emptyType S)] in theorem ...

Note: This linter can be disabled with `set_option linter.unusedSectionVars false`
✔ [2687/2747] Built LeanFlagAlgebras.Core.Examples.Tetrahedron (104s)
⚠ [2688/2747] Built LeanFlagAlgebras.Core.Ensemble.RandomHom (25s)
warning: LeanFlagAlgebras/Core/Ensemble/RandomHom.lean:31:0: automatically included section variable(s) unused in theorem `FlagAlgebras.Core.prob_positiveHomSpace_eq_one`:
  [S.NullaryFree]
consider restructuring your `variable` declarations so that the variables are not in scope or explicitly omit them:
  omit [S.NullaryFree] in theorem ...

Note: This linter can be disabled with `set_option linter.unusedSectionVars false`
warning: LeanFlagAlgebras/Core/Ensemble/RandomHom.lean:80:0: automatically included section variable(s) unused in theorem `FlagAlgebras.Core.evalHomBCF_apply`:
  [S.NullaryFree]
consider restructuring your `variable` declarations so that the variables are not in scope or explicitly omit them:
  omit [S.NullaryFree] in theorem ...

Note: This linter can be disabled with `set_option linter.unusedSectionVars false`
warning: LeanFlagAlgebras/Core/Ensemble/RandomHom.lean:84:0: automatically included section variable(s) unused in theorem `FlagAlgebras.Core.integrable_toPosHom_apply`:
  [S.NullaryFree]
consider restructuring your `variable` declarations so that the variables are not in scope or explicitly omit them:
  omit [S.NullaryFree] in theorem ...

Note: This linter can be disabled with `set_option linter.unusedSectionVars false`
✔ [2689/2747] Built LeanFlagAlgebras.Core.Differential.Maximizer (25s)
✔ [2690/2747] Built LeanFlagAlgebras.Core.Examples.TetrahedronStationarity (17s)
✔ [2691/2747] Built LeanFlagAlgebras.Core.Examples.TetrahedronClone (16s)
✔ [2692/2747] Built LeanFlagAlgebras.Core.Examples.TetrahedronMask (20s)
⚠ [2693/2747] Built LeanFlagAlgebras.Core.Differential.Stationary (15s)
warning: LeanFlagAlgebras/Core/Differential/Stationary.lean:38:0: automatically included section variable(s) unused in theorem `FlagAlgebras.Core.Model.eq_vertexType_of_mem`:
  [S.NullaryFree]
consider restructuring your `variable` declarations so that the variables are not in scope or explicitly omit them:
  omit [S.NullaryFree] in theorem ...

Note: This linter can be disabled with `set_option linter.unusedSectionVars false`
warning: LeanFlagAlgebras/Core/Differential/Stationary.lean:128:0: automatically included section variable(s) unused in theorem `FlagAlgebras.Core.integral_profileEval_weakLimit`:
  hvu
consider restructuring your `variable` declarations so that the variables are not in scope or explicitly omit them:
  omit hvu in theorem ...

Note: This linter can be disabled with `set_option linter.unusedSectionVars false`
✔ [2694/2747] Built LeanFlagAlgebras.Core.Differential.Smooth (37s)
⚠ [2695/2747] Built LeanFlagAlgebras.Core.Examples.TetrahedronOrder7ExtS1 (14s)
warning: LeanFlagAlgebras/Core/Examples/TetrahedronOrder7ExtS1.lean:73:18: Used `tac1 <;> tac2` where `(tac1; tac2)` would suffice

Note: This linter can be disabled with `set_option linter.unnecessarySeqFocus false`
warning: LeanFlagAlgebras/Core/Examples/TetrahedronOrder7ExtS1.lean:217:16: Used `tac1 <;> tac2` where `(tac1; tac2)` would suffice

Note: This linter can be disabled with `set_option linter.unnecessarySeqFocus false`
✔ [2696/2747] Built LeanFlagAlgebras.Core.Examples.TetrahedronOrder7ExtS3 (13s)
✔ [2697/2747] Built LeanFlagAlgebras.Core.Differential.Descent (14s)
✔ [2698/2747] Built LeanFlagAlgebras.Core.Examples.TetrahedronOrder7Parity (10s)
⚠ [2699/2747] Built LeanFlagAlgebras.Core.Differential.Upward (16s)
warning: LeanFlagAlgebras/Core/Differential/Upward.lean:253:0: automatically included section variable(s) unused in theorem `FlagAlgebras.Core.card_filter_rooted_witness`:
  [S.NullaryFree]
consider restructuring your `variable` declarations so that the variables are not in scope or explicitly omit them:
  omit [S.NullaryFree] in theorem ...

Note: This linter can be disabled with `set_option linter.unusedSectionVars false`
✔ [2700/2747] Built LeanFlagAlgebras.Core.Examples.TetrahedronOrder7Checker (51s)
✔ [2701/2747] Built LeanFlagAlgebras.Core.Examples.TetrahedronOrder7Ext56 (87s)
✔ [2702/2747] Built LeanFlagAlgebras.Core.Examples.TetrahedronOrder7Sweep31 (98s)
✔ [2703/2747] Built LeanFlagAlgebras.Core.Examples.TetrahedronOrder7Sweep30 (105s)
✖ [2704/2747] Building LeanFlagAlgebras.Core.Examples.TetrahedronOrder7Sweep29 (437s)
trace: .> LEAN_PATH=<repo>\.research-repro\lv\.lake\packages\Cli\.lake\build\lib\lean;<repo>\.research-repro\lv\.lake\packages\batteries\.lake\build\lib\lean;<repo>\.research-repro\lv\.lake\packages\Qq\.lake\build\lib\lean;<repo>\.research-repro\lv\.lake\packages\aesop\.lake\build\lib\lean;<repo>\.research-repro\lv\.lake\packages\proofwidgets\.lake\build\lib\lean;<repo>\.research-repro\lv\.lake\packages\importGraph\.lake\build\lib\lean;<repo>\.research-repro\lv\.lake\packages\LeanSearchClient\.lake\build\lib\lean;<repo>\.research-repro\lv\.lake\packages\plausible\.lake\build\lib\lean;<repo>\.research-repro\lv\.lake\packages\mathlib\.lake\build\lib\lean;<repo>\.research-repro\lv\.lake\build\lib\lean <home>\.elan\toolchains\leanprover--lean4---v4.27.0\bin\lean.exe <repo>\.research-repro\lv\LeanFlagAlgebras\Core\Examples\TetrahedronOrder7Sweep29.lean -o <repo>\.research-repro\lv\.lake\build\lib\lean\LeanFlagAlgebras\Core\Examples\TetrahedronOrder7Sweep29.olean -i <repo>\.research-repro\lv\.lake\build\lib\lean\LeanFlagAlgebras\Core\Examples\TetrahedronOrder7Sweep29.ilean -c <repo>\.research-repro\lv\.lake\build\ir\LeanFlagAlgebras\Core\Examples\TetrahedronOrder7Sweep29.c --setup <repo>\.research-repro\lv\.lake\build\ir\LeanFlagAlgebras\Core\Examples\TetrahedronOrder7Sweep29.setup.json --json
info: stderr:
libc++abi: terminating due to uncaught exception of type std::bad_alloc: std::bad_alloc
error: Lean exited with code 3221226505
INTERNAL PANIC: out of memory
