info: mathlib: cloning https://github.com/leanprover-community/mathlib4.git
info: mathlib: checking out revision 'a3a10db0e9d66acbebf76c5e6a135066525ac900'
info: plausible: cloning https://github.com/leanprover-community/plausible
info: plausible: checking out revision '009dc1e6f2feb2c96c081537d80a0905b2c6498f'
info: LeanSearchClient: cloning https://github.com/leanprover-community/LeanSearchClient
info: LeanSearchClient: checking out revision '5ce7f0a355f522a952a3d678d696bd563bb4fd28'
info: importGraph: cloning https://github.com/leanprover-community/import-graph
info: importGraph: checking out revision '8f497d55985a189cea8020d9dc51260af1e41ad2'
info: proofwidgets: cloning https://github.com/leanprover-community/ProofWidgets4
info: proofwidgets: checking out revision 'c04225ee7c0585effbd933662b3151f01b600e40'
info: aesop: cloning https://github.com/leanprover-community/aesop
info: aesop: checking out revision 'cb837cc26236ada03c81837bebe0acd9c70ced7d'
info: Qq: cloning https://github.com/leanprover-community/quote4
info: Qq: checking out revision 'bd58c9efe2086d56ca361807014141a860ddbf8c'
info: batteries: cloning https://github.com/leanprover-community/batteries
info: batteries: checking out revision 'b25b36a7caf8e237e7d1e6121543078a06777c8a'
info: Cli: cloning https://github.com/leanprover/lean4-cli
info: Cli: checking out revision '55c37290ff6186e2e965d68cf853a57c0702db82'
✔ [2/22] Built Cache.Lean (786ms)
✔ [3/22] Built Cache.Init (766ms)
✔ [6/22] Built Batteries.Data.Array.Match (916ms)
✔ [7/22] Built Batteries.Data.String.Basic (900ms)
✔ [8/22] Built Batteries.Data.String.Basic:c.o (79ms)
✔ [9/22] Built Batteries.Data.String.Matcher (551ms)
✔ [10/22] Built Batteries.Data.Array.Match:c.o (540ms)
✔ [11/22] Built Cache.Lean:c.o (1.7s)
✔ [12/22] Built Cache.Init:c.o (1.7s)
✔ [13/22] Built Cache.IO (1.7s)
✔ [14/22] Built Batteries.Data.String.Matcher:c.o (129ms)
✔ [15/22] Built Cache.IO:c.o (984ms)
✔ [16/22] Built Cache.Hashing (1.0s)
✔ [17/22] Built Cache.Requests (1.4s)
✔ [18/22] Built Cache.Hashing:c.o (1.3s)
✔ [19/22] Built Cache.Main (992ms)
✔ [20/22] Built Cache.Requests:c.o (964ms)
✔ [21/22] Built Cache.Main:c.o (297ms)
✔ [22/22] Built cache:exe (982ms)
Fetching ProofWidgets cloud release... done!
Current branch: HEAD
Using cache (Azure) from origin: leanprover-community/mathlib4
No files to download
Decompressing 7869 file(s)
Unpacked in 67827 ms
Completed successfully!
