⚠ [1270/1326] Replayed LeanFlagAlgebras.Core.Examples.FullSevenLong.TetrahedronOrder7FiveRootBits
warning: LeanFlagAlgebras/Core/Examples/FullSevenLong/TetrahedronOrder7FiveRootBits.lean:68:53: This simp argument is unused:
  Bool.and_assoc

Hint: Omit it from the simp argument list.
  simp [Nat.testBit_mod_two_pow, s5Gather_testBit,̵ ̵B̵o̵o̵l̵.̵a̵n̵d̵_̵a̵s̵s̵o̵c̵]

Note: This linter can be disabled with `set_option linter.unusedSimpArgs false`
⚠ [1280/1326] Replayed LeanFlagAlgebras.Core.Examples.FullSevenLong.TetrahedronOrder7FiveRootPullback
warning: LeanFlagAlgebras/Core/Examples/FullSevenLong/TetrahedronOrder7FiveRootPullback.lean:120:10: This simp argument is unused:
  s5Encode

Hint: Omit it from the simp argument list.
  simp [̵s̵5̵E̵n̵c̵o̵d̵e̵,̵ ̵s̵5̵R̵o̵o̵t̵M̵a̵s̵k̵6̵,̵[̲s̲5̲R̲o̲o̲t̲M̲a̲s̲k̲6̲,̲ s5LinkMask6, s5Gather_testBit, Nat.testBit_lor, Nat.testBit_shiftLeft, hk,
  ̲  ̲ ̲ ̲ ̲ ̲hs, hn, hsrc.2]

Note: This linter can be disabled with `set_option linter.unusedSimpArgs false`
warning: LeanFlagAlgebras/Core/Examples/FullSevenLong/TetrahedronOrder7FiveRootPullback.lean:121:6: This simp argument is unused:
  Nat.testBit_lor

Hint: Omit it from the simp argument list.
  simp [s5Encode, s5RootMask6, s5LinkMask6, s5Gather_testBit, N̵a̵t̵.̵t̵e̵s̵t̵B̵i̵t̵_̵l̵o̵r̵,̵ ̵Nat.testBit_shiftLeft, hk, hs, hn,
  ̲  ̲ ̲ ̲ ̲ ̲hsrc.2]

Note: This linter can be disabled with `set_option linter.unusedSimpArgs false`
warning: LeanFlagAlgebras/Core/Examples/FullSevenLong/TetrahedronOrder7FiveRootPullback.lean:125:10: This simp argument is unused:
  s5Encode

Hint: Omit it from the simp argument list.
  simp [̵s̵5̵E̵n̵c̵o̵d̵e̵,̵ ̵s̵5̵R̵o̵o̵t̵M̵a̵s̵k̵6̵,̵[̲s̲5̲R̲o̲o̲t̲M̲a̲s̲k̲6̲,̲ s5LinkMask6, s5Gather_testBit, Nat.testBit_lor, Nat.testBit_shiftLeft, hk,
  ̲  ̲ ̲ ̲ ̲ ̲hs, hn, hsub, hsrc.2]

Note: This linter can be disabled with `set_option linter.unusedSimpArgs false`
warning: LeanFlagAlgebras/Core/Examples/FullSevenLong/TetrahedronOrder7FiveRootPullback.lean:126:6: This simp argument is unused:
  Nat.testBit_lor

Hint: Omit it from the simp argument list.
  simp [s5Encode, s5RootMask6, s5LinkMask6, s5Gather_testBit, N̵a̵t̵.̵t̵e̵s̵t̵B̵i̵t̵_̵l̵o̵r̵,̵ ̵Nat.testBit_shiftLeft, hk, hs, hn,
  ̲  ̲ ̲ ̲ ̲ ̲hsub, hsrc.2]

Note: This linter can be disabled with `set_option linter.unusedSimpArgs false`
⚠ [1406/1787] Replayed LeanFlagAlgebras.Core.Compute.Relabel6
warning: LeanFlagAlgebras/Core/Compute/Relabel6.lean:243:8: unused variable `q`

Note: This linter can be disabled with `set_option linter.unusedVariables false`
warning: LeanFlagAlgebras/Core/Compute/Relabel6.lean:281:23: try 'simp' instead of 'simpa'

Note: This linter can be disabled with `set_option linter.unnecessarySimpa false`
warning: LeanFlagAlgebras/Core/Compute/Relabel6.lean:283:23: try 'simp' instead of 'simpa'

Note: This linter can be disabled with `set_option linter.unnecessarySimpa false`
⚠ [1420/1787] Replayed LeanFlagAlgebras.Core.Examples.TetrahedronOrder7ExtS1
warning: LeanFlagAlgebras/Core/Examples/TetrahedronOrder7ExtS1.lean:73:18: Used `tac1 <;> tac2` where `(tac1; tac2)` would suffice

Note: This linter can be disabled with `set_option linter.unnecessarySeqFocus false`
warning: LeanFlagAlgebras/Core/Examples/TetrahedronOrder7ExtS1.lean:217:16: Used `tac1 <;> tac2` where `(tac1; tac2)` would suffice

Note: This linter can be disabled with `set_option linter.unnecessarySeqFocus false`
⚠ [1428/1787] Replayed LeanFlagAlgebras.Core.Examples.FullSevenLong.TetrahedronOrder7RootMatch
warning: LeanFlagAlgebras/Core/Examples/FullSevenLong/TetrahedronOrder7RootMatch.lean:262:33: This simp argument is unused:
  Bool.false_eq_true

Hint: Omit it from the simp argument list.
  simp only [s3Cell, if_neg h,̵ ̵B̵o̵o̵l̵.̵f̵a̵l̵s̵e̵_̵e̵q̵_̵t̵r̵u̵e̵]

Note: This linter can be disabled with `set_option linter.unusedSimpArgs false`
⚠ [1781/1787] Replayed LeanFlagAlgebras.Core.Examples.FullSevenLong.TetrahedronLimitMul
warning: LeanFlagAlgebras/Core/Examples/FullSevenLong/TetrahedronLimitMul.lean:130:36: try 'simp' instead of 'simpa'

Note: This linter can be disabled with `set_option linter.unnecessarySimpa false`
⚠ [1785/1787] Replayed LeanFlagAlgebras.Core.Compute.Sym3Delete
warning: LeanFlagAlgebras/Core/Compute/Sym3Delete.lean:83:12: `Finset.filter_card_add_filter_neg_card_eq_card` has been deprecated: Use `Finset.card_filter_add_card_filter_not` instead
warning: LeanFlagAlgebras/Core/Compute/Sym3Delete.lean:138:12: `Nat.succ_mul_choose_eq` has been deprecated: Use `Nat.add_one_mul_choose_eq` instead
warning: LeanFlagAlgebras/Core/Compute/Sym3Delete.lean:132:33: unused variable `hn`

Note: This linter can be disabled with `set_option linter.unusedVariables false`
⚠ [1788/1790] Replayed LeanFlagAlgebras.Core.Compute.Sym3Clone
warning: LeanFlagAlgebras/Core/Compute/Sym3Clone.lean:32:55: unused variable `huv`

Note: This linter can be disabled with `set_option linter.unusedVariables false`
warning: LeanFlagAlgebras/Core/Compute/Sym3Clone.lean:80:47: unused variable `huv`

Note: This linter can be disabled with `set_option linter.unusedVariables false`
warning: LeanFlagAlgebras/Core/Compute/Sym3Clone.lean:139:12: `Finset.filter_card_add_filter_neg_card_eq_card` has been deprecated: Use `Finset.card_filter_add_card_filter_not` instead
warning: LeanFlagAlgebras/Core/Compute/Sym3Clone.lean:148:12: `Finset.filter_card_add_filter_neg_card_eq_card` has been deprecated: Use `Finset.card_filter_add_card_filter_not` instead
✔ [1790/1790] Built LeanFlagAlgebras.Core.Examples.FullSevenLong.TetrahedronExtremal (5.9s)
Build completed successfully (1790 jobs).
