⚠ [1303/1355] Replayed LeanFlagAlgebras.Core.Examples.FullSevenLong.TetrahedronOrder7FiveRootBits
warning: LeanFlagAlgebras/Core/Examples/FullSevenLong/TetrahedronOrder7FiveRootBits.lean:68:53: This simp argument is unused:
  Bool.and_assoc

Hint: Omit it from the simp argument list.
  simp [Nat.testBit_mod_two_pow, s5Gather_testBit,̵ ̵B̵o̵o̵l̵.̵a̵n̵d̵_̵a̵s̵s̵o̵c̵]

Note: This linter can be disabled with `set_option linter.unusedSimpArgs false`
⚠ [1365/1376] Replayed LeanFlagAlgebras.Core.Compute.Relabel6
warning: LeanFlagAlgebras/Core/Compute/Relabel6.lean:243:8: unused variable `q`

Note: This linter can be disabled with `set_option linter.unusedVariables false`
warning: LeanFlagAlgebras/Core/Compute/Relabel6.lean:281:23: try 'simp' instead of 'simpa'

Note: This linter can be disabled with `set_option linter.unnecessarySimpa false`
warning: LeanFlagAlgebras/Core/Compute/Relabel6.lean:283:23: try 'simp' instead of 'simpa'

Note: This linter can be disabled with `set_option linter.unnecessarySimpa false`
⚠ [1375/1376] Replayed LeanFlagAlgebras.Core.Examples.TetrahedronOrder7ExtS1
warning: LeanFlagAlgebras/Core/Examples/TetrahedronOrder7ExtS1.lean:73:18: Used `tac1 <;> tac2` where `(tac1; tac2)` would suffice

Note: This linter can be disabled with `set_option linter.unnecessarySeqFocus false`
warning: LeanFlagAlgebras/Core/Examples/TetrahedronOrder7ExtS1.lean:217:16: Used `tac1 <;> tac2` where `(tac1; tac2)` would suffice

Note: This linter can be disabled with `set_option linter.unnecessarySeqFocus false`
✔ [1376/1376] Built LeanFlagAlgebras.Core.Examples.FullSevenLong.TetrahedronOrder7Assembly (5.6s)
Build completed successfully (1376 jobs).
