⚠ [1271/1281] Replayed LeanFlagAlgebras.Core.Examples.FullSevenLong.TetrahedronOrder7FiveRootBits
warning: LeanFlagAlgebras/Core/Examples/FullSevenLong/TetrahedronOrder7FiveRootBits.lean:68:53: This simp argument is unused:
  Bool.and_assoc

Hint: Omit it from the simp argument list.
  simp [Nat.testBit_mod_two_pow, s5Gather_testBit,̵ ̵B̵o̵o̵l̵.̵a̵n̵d̵_̵a̵s̵s̵o̵c̵]

Note: This linter can be disabled with `set_option linter.unusedSimpArgs false`
⚠ [1276/1281] Replayed LeanFlagAlgebras.Core.Examples.FullSevenLong.TetrahedronOrder7FiveRootPullback
warning: LeanFlagAlgebras/Core/Examples/FullSevenLong/TetrahedronOrder7FiveRootPullback.lean:120:10: This simp argument is unused:
  s5Encode

Hint: Omit it from the simp argument list.
  simp [̵s̵5̵E̵n̵c̵o̵d̵e̵,̵ ̵s̵5̵R̵o̵o̵t̵M̵a̵s̵k̵6̵,̵[̲s̲5̲R̲o̲o̲t̲M̲a̲s̲k̲6̲,̲ s5LinkMask6, s5Gather_testBit, Nat.testBit_lor, Nat.testBit_shiftLeft, hk,
  ̲  ̲ ̲ ̲ ̲ ̲hs, hn, hsrc.2]

Note: This linter can be disabled with `set_option linter.unusedSimpArgs false`
warning: LeanFlagAlgebras/Core/Examples/FullSevenLong/TetrahedronOrder7FiveRootPullback.lean:121:6: This simp argument is unused:
  Nat.testBit_lor

Hint: Omit it from the simp argument list.
  simp [s5Encode, s5RootMask6, s5LinkMask6, s5Gather_testBit, N̵a̵t̵.̵t̵e̵s̵t̵B̵i̵t̵_̵l̵o̵r̵,̵ ̵Nat.testBit_shiftLeft, hk, hs, hn,
  ̲  ̲ ̲ ̲ ̲ ̲hsrc.2]

Note: This linter can be disabled with `set_option linter.unusedSimpArgs false`
warning: LeanFlagAlgebras/Core/Examples/FullSevenLong/TetrahedronOrder7FiveRootPullback.lean:125:10: This simp argument is unused:
  s5Encode

Hint: Omit it from the simp argument list.
  simp [̵s̵5̵E̵n̵c̵o̵d̵e̵,̵ ̵s̵5̵R̵o̵o̵t̵M̵a̵s̵k̵6̵,̵[̲s̲5̲R̲o̲o̲t̲M̲a̲s̲k̲6̲,̲ s5LinkMask6, s5Gather_testBit, Nat.testBit_lor, Nat.testBit_shiftLeft, hk,
  ̲  ̲ ̲ ̲ ̲ ̲hs, hn, hsub, hsrc.2]

Note: This linter can be disabled with `set_option linter.unusedSimpArgs false`
warning: LeanFlagAlgebras/Core/Examples/FullSevenLong/TetrahedronOrder7FiveRootPullback.lean:126:6: This simp argument is unused:
  Nat.testBit_lor

Hint: Omit it from the simp argument list.
  simp [s5Encode, s5RootMask6, s5LinkMask6, s5Gather_testBit, N̵a̵t̵.̵t̵e̵s̵t̵B̵i̵t̵_̵l̵o̵r̵,̵ ̵Nat.testBit_shiftLeft, hk, hs, hn,
  ̲  ̲ ̲ ̲ ̲ ̲hsub, hsrc.2]

Note: This linter can be disabled with `set_option linter.unusedSimpArgs false`
Build completed successfully (1281 jobs).
