Building: LeanFlagAlgebras.Core.Examples.FullSevenLong.TetrahedronOrder7Check
Building: LeanFlagAlgebras.Core.Examples.FullSevenLong.TetrahedronOrder7Sweep7_00, LeanFlagAlgebras.Core.Examples.FullSevenLong.TetrahedronOrder7Sweep7_01
Building: LeanFlagAlgebras.Core.Examples.FullSevenLong.TetrahedronOrder7Sweep7_02, LeanFlagAlgebras.Core.Examples.FullSevenLong.TetrahedronOrder7Sweep7_03
Building: LeanFlagAlgebras.Core.Examples.FullSevenLong.TetrahedronOrder7Sweep7_04, LeanFlagAlgebras.Core.Examples.FullSevenLong.TetrahedronOrder7Sweep7_05
Building: LeanFlagAlgebras.Core.Examples.FullSevenLong.TetrahedronOrder7Sweep7_06, LeanFlagAlgebras.Core.Examples.FullSevenLong.TetrahedronOrder7Sweep7_07
Building: LeanFlagAlgebras.Core.Examples.FullSevenLong.TetrahedronOrder7Sweep7_08, LeanFlagAlgebras.Core.Examples.FullSevenLong.TetrahedronOrder7Sweep7_09
Building: LeanFlagAlgebras.Core.Examples.FullSevenLong.TetrahedronOrder7Sweep7_10, LeanFlagAlgebras.Core.Examples.FullSevenLong.TetrahedronOrder7Sweep7_11
Building: LeanFlagAlgebras.Core.Examples.FullSevenLong.TetrahedronOrder7Sweep7_12, LeanFlagAlgebras.Core.Examples.FullSevenLong.TetrahedronOrder7Sweep7_13
Building: LeanFlagAlgebras.Core.Examples.FullSevenLong.TetrahedronOrder7Sweep7_14, LeanFlagAlgebras.Core.Examples.FullSevenLong.TetrahedronOrder7Sweep7_15
Building: LeanFlagAlgebras.Core.Examples.FullSevenLong.TetrahedronOrder7Sweep7_16, LeanFlagAlgebras.Core.Examples.FullSevenLong.TetrahedronOrder7Sweep7_17
Building: LeanFlagAlgebras.Core.Examples.FullSevenLong.TetrahedronOrder7Sweep7_18, LeanFlagAlgebras.Core.Examples.FullSevenLong.TetrahedronOrder7Sweep7_19
Building: LeanFlagAlgebras.Core.Examples.FullSevenLong.TetrahedronOrder7Sweep7_20, LeanFlagAlgebras.Core.Examples.FullSevenLong.TetrahedronOrder7Sweep7_21
Building: LeanFlagAlgebras.Core.Examples.FullSevenLong.TetrahedronOrder7Sweep7_22, LeanFlagAlgebras.Core.Examples.FullSevenLong.TetrahedronOrder7Sweep7_23
Building: LeanFlagAlgebras.Core.Examples.FullSevenLong.TetrahedronOrder7Sweep7_24, LeanFlagAlgebras.Core.Examples.FullSevenLong.TetrahedronOrder7Sweep7_25
Building: LeanFlagAlgebras.Core.Examples.FullSevenLong.TetrahedronOrder7Sweep7_26, LeanFlagAlgebras.Core.Examples.FullSevenLong.TetrahedronOrder7Sweep7_27
Building: LeanFlagAlgebras.Core.Examples.FullSevenLong.TetrahedronOrder7Sweep7_28, LeanFlagAlgebras.Core.Examples.FullSevenLong.TetrahedronOrder7Sweep7_29
Building: LeanFlagAlgebras.Core.Examples.FullSevenLong.TetrahedronOrder7Sweep7_30, LeanFlagAlgebras.Core.Examples.FullSevenLong.TetrahedronOrder7Sweep7_31
Building: LeanFlagAlgebras.Core.Examples.FullSevenLong.TetrahedronOrder7Sweep7_32, LeanFlagAlgebras.Core.Examples.FullSevenLong.TetrahedronOrder7Sweep7_33
Building: LeanFlagAlgebras.Core.Examples.FullSevenLong.TetrahedronOrder7Sweep7_34, LeanFlagAlgebras.Core.Examples.FullSevenLong.TetrahedronOrder7Sweep7_35
Building: LeanFlagAlgebras.Core.Examples.FullSevenLong.TetrahedronOrder7Sweep7_36, LeanFlagAlgebras.Core.Examples.FullSevenLong.TetrahedronOrder7Sweep7_37
Building: LeanFlagAlgebras.Core.Examples.FullSevenLong.TetrahedronOrder7Sweep7_38, LeanFlagAlgebras.Core.Examples.FullSevenLong.TetrahedronOrder7Sweep7_39
Building: LeanFlagAlgebras.Core.Examples.FullSevenLong.TetrahedronOrder7Sweep7_40, LeanFlagAlgebras.Core.Examples.FullSevenLong.TetrahedronOrder7Sweep7_41
Building: LeanFlagAlgebras.Core.Examples.FullSevenLong.TetrahedronOrder7Sweep7_42, LeanFlagAlgebras.Core.Examples.FullSevenLong.TetrahedronOrder7Sweep7_43
Building: LeanFlagAlgebras.Core.Examples.FullSevenLong.TetrahedronOrder7Sweep7_44, LeanFlagAlgebras.Core.Examples.FullSevenLong.TetrahedronOrder7Sweep7_45
Building: LeanFlagAlgebras.Core.Examples.FullSevenLong.TetrahedronOrder7Sweep7_46, LeanFlagAlgebras.Core.Examples.FullSevenLong.TetrahedronOrder7Sweep7_47
Building: LeanFlagAlgebras.Core.Examples.FullSevenLong.TetrahedronOrder7Sweep7_48
Running: <home>\.elan\toolchains\leanprover--lean4---v4.27.0\bin\lake.exe build LeanFlagAlgebras.Core.Examples.FullSevenLong.TetrahedronDifferential LeanFlagAlgebras.Core.Examples.FullSevenLong.TetrahedronBoost
Running: <home>\.elan\toolchains\leanprover--lean4---v4.27.0\bin\lake.exe env lean <repo>\.research-repro\lv\AxiomCheckFullSevenLong.lean
Running: <home>\.elan\toolchains\leanprover--lean4---v4.27.0\bin\lake.exe env lean <repo>\.research-repro\lean-release-build-20260921\attempt-02\verification\PinnedHeadline.lean
PASS: <repo>\.research-repro\lean-release-build-20260921\attempt-02\verification\formalization.json
