⚠ [1269/1283] Replayed LeanFlagAlgebras.Core.Examples.FullSevenConverged.TetrahedronOrder7FiveRootBits
warning: LeanFlagAlgebras/Core/Examples/FullSevenConverged/TetrahedronOrder7FiveRootBits.lean:68:53: This simp argument is unused:
  Bool.and_assoc

Hint: Omit it from the simp argument list.
  simp [Nat.testBit_mod_two_pow, s5Gather_testBit,̵ ̵B̵o̵o̵l̵.̵a̵n̵d̵_̵a̵s̵s̵o̵c̵]

Note: This linter can be disabled with `set_option linter.unusedSimpArgs false`
✔ [1279/1293] Built LeanFlagAlgebras.Core.Examples.FullSevenConverged.TetrahedronOrder7Sweep7_11 (3672s)
✔ [1280/1294] Built LeanFlagAlgebras.Core.Examples.FullSevenConverged.TetrahedronOrder7Sweep7_06 (3830s)
✔ [1281/1295] Built LeanFlagAlgebras.Core.Examples.FullSevenConverged.TetrahedronOrder7Sweep7_10 (3838s)
✔ [1282/1296] Built LeanFlagAlgebras.Core.Examples.FullSevenConverged.TetrahedronOrder7Sweep7_09 (3993s)
✔ [1283/1297] Built LeanFlagAlgebras.Core.Examples.FullSevenConverged.TetrahedronOrder7Sweep7_08 (4046s)
✔ [1284/1298] Built LeanFlagAlgebras.Core.Examples.FullSevenConverged.TetrahedronOrder7Sweep7_07 (4093s)
✔ [1285/1299] Built LeanFlagAlgebras.Core.Examples.FullSevenConverged.TetrahedronOrder7Sweep7_03 (4119s)
✔ [1286/1300] Built LeanFlagAlgebras.Core.Examples.FullSevenConverged.TetrahedronOrder7Sweep7_05 (4171s)
✔ [1287/1301] Built LeanFlagAlgebras.Core.Examples.FullSevenConverged.TetrahedronOrder7Sweep7_01 (4395s)
✔ [1288/1302] Built LeanFlagAlgebras.Core.Examples.FullSevenConverged.TetrahedronOrder7Sweep7_02 (4512s)
✔ [1289/1303] Built LeanFlagAlgebras.Core.Examples.FullSevenConverged.TetrahedronOrder7Sweep7_04 (4534s)
✔ [1290/1304] Built LeanFlagAlgebras.Core.Examples.FullSevenConverged.TetrahedronOrder7Sweep7_00 (5140s)
✔ [1291/1305] Built LeanFlagAlgebras.Core.Examples.FullSevenConverged.TetrahedronOrder7Sweep7_15 (3555s)
✔ [1292/1306] Built LeanFlagAlgebras.Core.Examples.FullSevenConverged.TetrahedronOrder7Sweep7_14 (3729s)
✔ [1293/1307] Built LeanFlagAlgebras.Core.Examples.FullSevenConverged.TetrahedronOrder7Sweep7_13 (3851s)
✔ [1294/1308] Built LeanFlagAlgebras.Core.Examples.FullSevenConverged.TetrahedronOrder7Sweep7_17 (3600s)
✔ [1295/1309] Built LeanFlagAlgebras.Core.Examples.FullSevenConverged.TetrahedronOrder7Sweep7_16 (3690s)
✔ [1296/1310] Built LeanFlagAlgebras.Core.Examples.FullSevenConverged.TetrahedronOrder7Sweep7_12 (4067s)
✔ [1297/1311] Built LeanFlagAlgebras.Core.Examples.FullSevenConverged.TetrahedronOrder7Sweep7_18 (3692s)
✔ [1298/1312] Built LeanFlagAlgebras.Core.Examples.FullSevenConverged.TetrahedronOrder7Sweep7_19 (3731s)
✔ [1299/1313] Built LeanFlagAlgebras.Core.Examples.FullSevenConverged.TetrahedronOrder7Sweep7_20 (3605s)
✔ [1300/1314] Built LeanFlagAlgebras.Core.Examples.FullSevenConverged.TetrahedronOrder7Sweep7_21 (3534s)
✔ [1301/1315] Built LeanFlagAlgebras.Core.Examples.FullSevenConverged.TetrahedronOrder7Sweep7_22 (3861s)
✔ [1302/1316] Built LeanFlagAlgebras.Core.Examples.FullSevenConverged.TetrahedronOrder7Sweep7_23 (3807s)
✔ [1303/1317] Built LeanFlagAlgebras.Core.Examples.FullSevenConverged.TetrahedronOrder7Sweep7_25 (3556s)
✔ [1304/1318] Built LeanFlagAlgebras.Core.Examples.FullSevenConverged.TetrahedronOrder7Sweep7_31 (3274s)
✔ [1305/1319] Built LeanFlagAlgebras.Core.Examples.FullSevenConverged.TetrahedronOrder7Sweep7_26 (3533s)
✔ [1306/1320] Built LeanFlagAlgebras.Core.Examples.FullSevenConverged.TetrahedronOrder7Sweep7_27 (3529s)
✔ [1307/1321] Built LeanFlagAlgebras.Core.Examples.FullSevenConverged.TetrahedronOrder7Sweep7_24 (3681s)
✔ [1308/1322] Built LeanFlagAlgebras.Core.Examples.FullSevenConverged.TetrahedronOrder7Sweep7_29 (3515s)
✔ [1309/1323] Built LeanFlagAlgebras.Core.Examples.FullSevenConverged.TetrahedronOrder7Sweep7_30 (3483s)
✔ [1310/1324] Built LeanFlagAlgebras.Core.Examples.FullSevenConverged.TetrahedronOrder7Sweep7_32 (3336s)
✔ [1311/1325] Built LeanFlagAlgebras.Core.Examples.FullSevenConverged.TetrahedronOrder7Sweep7_33 (3300s)
✔ [1312/1326] Built LeanFlagAlgebras.Core.Examples.FullSevenConverged.TetrahedronOrder7Sweep7_28 (3637s)
✔ [1313/1326] Built LeanFlagAlgebras.Core.Examples.FullSevenConverged.TetrahedronOrder7Sweep7_34 (3271s)
✔ [1315/1328] Built LeanFlagAlgebras.Core.Examples.FullSevenConverged.TetrahedronOrder7Sweep7_35 (3267s)
✔ [1316/1328] Built LeanFlagAlgebras.Core.Examples.FullSevenConverged.TetrahedronOrder7Sweep7_36 (3108s)
✔ [1317/1328] Built LeanFlagAlgebras.Core.Examples.FullSevenConverged.TetrahedronOrder7Sweep7_45 (3049s)
✔ [1318/1328] Built LeanFlagAlgebras.Core.Examples.FullSevenConverged.TetrahedronOrder7Sweep7_42 (3143s)
✔ [1319/1328] Built LeanFlagAlgebras.Core.Examples.FullSevenConverged.TetrahedronOrder7Sweep7_44 (3128s)
✔ [1320/1328] Built LeanFlagAlgebras.Core.Examples.FullSevenConverged.TetrahedronOrder7Sweep7_40 (3252s)
✔ [1321/1328] Built LeanFlagAlgebras.Core.Examples.FullSevenConverged.TetrahedronOrder7Sweep7_41 (3270s)
✔ [1322/1328] Built LeanFlagAlgebras.Core.Examples.FullSevenConverged.TetrahedronOrder7Sweep7_43 (3188s)
✔ [1323/1328] Built LeanFlagAlgebras.Core.Examples.FullSevenConverged.TetrahedronOrder7Sweep7_39 (3336s)
✔ [1324/1328] Built LeanFlagAlgebras.Core.Examples.FullSevenConverged.TetrahedronOrder7Sweep7_37 (3429s)
✔ [1325/1328] Built LeanFlagAlgebras.Core.Examples.FullSevenConverged.TetrahedronOrder7Sweep7_46 (3017s)
✔ [1326/1328] Built LeanFlagAlgebras.Core.Examples.FullSevenConverged.TetrahedronOrder7Sweep7_38 (3487s)
✔ [1327/1328] Built LeanFlagAlgebras.Core.Examples.FullSevenConverged.TetrahedronOrder7Sweep7_47 (2942s)
✔ [1328/1328] Built LeanFlagAlgebras.Core.Examples.FullSevenConverged.TetrahedronOrder7Sweep7_48 (1079s)
Build completed successfully (1328 jobs).
