✔ [137/147] Built LeanFlagAlgebras.Core.Examples.FullSevenConverged.TetrahedronOrder7FiveRootFactors05 (24s)
✔ [138/148] Built LeanFlagAlgebras.Core.Examples.FullSevenConverged.TetrahedronOrder7FiveRootFactors03 (25s)
✔ [139/149] Built LeanFlagAlgebras.Core.Examples.FullSevenConverged.TetrahedronOrder7FiveRootFactors04 (28s)
✔ [140/150] Built LeanFlagAlgebras.Core.Examples.FullSevenConverged.TetrahedronOrder7FiveRootFactors09 (5.7s)
✔ [141/151] Built LeanFlagAlgebras.Core.Examples.FullSevenConverged.TetrahedronOrder7FiveRootFactors07 (31s)
✔ [142/152] Built LeanFlagAlgebras.Core.Examples.FullSevenConverged.TetrahedronOrder7FiveRootFactors06 (33s)
✔ [143/153] Built LeanFlagAlgebras.Core.Examples.FullSevenConverged.TetrahedronOrder7FiveRootFactors10 (7.5s)
✔ [144/154] Built LeanFlagAlgebras.Core.Examples.FullSevenConverged.TetrahedronOrder7FiveRootFactors02 (38s)
✔ [145/154] Built LeanFlagAlgebras.Core.Examples.FullSevenConverged.TetrahedronOrder7FiveRootFactors08 (15s)
✔ [146/155] Built LeanFlagAlgebras.Core.Examples.FullSevenConverged.TetrahedronOrder7FiveRootFactors01 (43s)
✔ [147/208] Built LeanFlagAlgebras.Core.Examples.FullSevenConverged.TetrahedronOrder7FiveRootFactors13 (13s)
✔ [987/1000] Built LeanFlagAlgebras.Core.Examples.FullSevenConverged.TetrahedronOrder7FiveRootFactors12 (18s)
✔ [989/1001] Built LeanFlagAlgebras.Core.Examples.FullSevenConverged.TetrahedronOrder7FiveRootFactors11 (19s)
✔ [990/1001] Built LeanFlagAlgebras.Core.Examples.FullSevenConverged.TetrahedronOrder7FiveRootFactors15 (13s)
✔ [991/1001] Built LeanFlagAlgebras.Core.Examples.FullSevenConverged.TetrahedronOrder7FiveRootFactors17 (8.6s)
✔ [992/1001] Built LeanFlagAlgebras.Core.Examples.FullSevenConverged.TetrahedronOrder7FiveRootFactors16 (12s)
⚠ [993/1001] Built LeanFlagAlgebras.Core.Examples.FullSevenConverged.TetrahedronOrder7FiveRootBits (6.1s)
warning: LeanFlagAlgebras/Core/Examples/FullSevenConverged/TetrahedronOrder7FiveRootBits.lean:68:53: This simp argument is unused:
  Bool.and_assoc

Hint: Omit it from the simp argument list.
  simp [Nat.testBit_mod_two_pow, s5Gather_testBit,̵ ̵B̵o̵o̵l̵.̵a̵n̵d̵_̵a̵s̵s̵o̵c̵]

Note: This linter can be disabled with `set_option linter.unusedSimpArgs false`
✔ [994/1001] Built LeanFlagAlgebras.Core.Examples.FullSevenConverged.TetrahedronOrder7FiveRootFactors14 (19s)
✔ [995/1001] Built LeanFlagAlgebras.Core.Examples.FullSevenConverged.TetrahedronOrder7FactorsS1 (6.5s)
✔ [996/1001] Built LeanFlagAlgebras.Core.Examples.FullSevenConverged.TetrahedronOrder7FiveRootTables (8.1s)
✔ [997/1001] Built LeanFlagAlgebras.Core.Examples.FullSevenConverged.TetrahedronOrder7FactorsS31 (31s)
✔ [998/1001] Built LeanFlagAlgebras.Core.Examples.FullSevenConverged.TetrahedronOrder7FiveRootOrderedData (22s)
✔ [999/1001] Built LeanFlagAlgebras.Core.Examples.FullSevenConverged.TetrahedronOrder7FactorsS30 (47s)
✔ [1000/1001] Built LeanFlagAlgebras.Core.Examples.FullSevenConverged.TetrahedronOrder7FiveRootFactors00 (132s)
✔ [1001/1001] Built LeanFlagAlgebras.Core.Examples.FullSevenConverged.TetrahedronOrder7FiveRootData (6.1s)
Build completed successfully (1001 jobs).
